mode: set
github.com/pax-beehive/connector/connector.go:7.25,7.38 1 1
github.com/pax-beehive/connector/core.go:43.58,45.16 2 1
github.com/pax-beehive/connector/core.go:45.16,47.3 1 0
github.com/pax-beehive/connector/core.go:48.2,49.16 2 1
github.com/pax-beehive/connector/core.go:49.16,51.3 1 0
github.com/pax-beehive/connector/core.go:52.2,53.16 2 1
github.com/pax-beehive/connector/core.go:53.16,55.3 1 1
github.com/pax-beehive/connector/core.go:56.2,56.95 1 1
github.com/pax-beehive/connector/core.go:56.95,58.62 2 1
github.com/pax-beehive/connector/core.go:58.62,60.4 1 0
github.com/pax-beehive/connector/core.go:62.2,62.41 1 1
github.com/pax-beehive/connector/core.go:65.44,66.17 1 1
github.com/pax-beehive/connector/core.go:66.17,68.3 1 1
github.com/pax-beehive/connector/core.go:69.2,69.27 1 1
github.com/pax-beehive/connector/core.go:72.114,74.16 2 1
github.com/pax-beehive/connector/core.go:74.16,76.3 1 1
github.com/pax-beehive/connector/core.go:77.2,77.19 1 1
github.com/pax-beehive/connector/core.go:77.19,78.52 1 1
github.com/pax-beehive/connector/core.go:78.52,80.4 1 0
github.com/pax-beehive/connector/core.go:82.2,82.31 1 1
github.com/pax-beehive/connector/core.go:85.121,87.16 2 1
github.com/pax-beehive/connector/core.go:87.16,89.3 1 1
github.com/pax-beehive/connector/core.go:90.2,91.45 2 1
github.com/pax-beehive/connector/core.go:91.45,93.3 1 1
github.com/pax-beehive/connector/core.go:94.2,95.17 2 1
github.com/pax-beehive/connector/core.go:95.17,97.3 1 1
github.com/pax-beehive/connector/core.go:98.2,99.16 2 1
github.com/pax-beehive/connector/core.go:99.16,101.3 1 0
github.com/pax-beehive/connector/core.go:102.2,103.17 2 1
github.com/pax-beehive/connector/core.go:106.83,108.13 2 1
github.com/pax-beehive/connector/core.go:108.13,110.3 1 1
github.com/pax-beehive/connector/core.go:111.2,111.31 1 1
github.com/pax-beehive/connector/core.go:111.31,113.24 2 1
github.com/pax-beehive/connector/core.go:113.24,115.4 1 1
github.com/pax-beehive/connector/core.go:117.2,117.34 1 1
github.com/pax-beehive/connector/core.go:117.34,119.3 1 1
github.com/pax-beehive/connector/core.go:122.81,124.27 2 1
github.com/pax-beehive/connector/core.go:124.27,126.3 1 1
github.com/pax-beehive/connector/core.go:127.2,127.28 1 1
github.com/pax-beehive/connector/core.go:127.28,129.3 1 1
github.com/pax-beehive/connector/core.go:130.2,130.39 1 1
github.com/pax-beehive/connector/core.go:130.39,132.3 1 1
github.com/pax-beehive/connector/core.go:133.2,133.18 1 1
github.com/pax-beehive/connector/core.go:136.67,137.15 1 1
github.com/pax-beehive/connector/core.go:137.15,137.40 1 1
github.com/pax-beehive/connector/core.go:138.2,139.16 2 1
github.com/pax-beehive/connector/core.go:139.16,141.3 1 0
github.com/pax-beehive/connector/core.go:142.2,142.52 1 1
github.com/pax-beehive/connector/core.go:142.52,144.3 1 1
github.com/pax-beehive/connector/core.go:145.2,145.51 1 1
github.com/pax-beehive/connector/core.go:145.51,147.3 1 1
github.com/pax-beehive/connector/core.go:148.2,148.34 1 1
github.com/pax-beehive/connector/core.go:151.56,153.25 2 1
github.com/pax-beehive/connector/core.go:153.25,155.3 1 1
github.com/pax-beehive/connector/core.go:156.2,156.10 1 1
github.com/pax-beehive/connector/core.go:159.42,160.25 1 1
github.com/pax-beehive/connector/core.go:160.25,162.3 1 0
github.com/pax-beehive/connector/core.go:163.2,163.26 1 1
github.com/pax-beehive/connector/core.go:168.33,171.2 2 1
github.com/pax-beehive/connector/datetime.go:29.50,31.46 2 1
github.com/pax-beehive/connector/datetime.go:31.46,32.26 1 0
github.com/pax-beehive/connector/datetime.go:32.26,34.4 1 0
github.com/pax-beehive/connector/datetime.go:35.3,35.13 1 0
github.com/pax-beehive/connector/datetime.go:37.2,37.13 1 1
github.com/pax-beehive/connector/datetime.go:37.13,39.3 1 1
github.com/pax-beehive/connector/datetime.go:40.2,40.41 1 1
github.com/pax-beehive/connector/datetime.go:40.41,41.55 1 1
github.com/pax-beehive/connector/datetime.go:41.55,44.4 2 1
github.com/pax-beehive/connector/datetime.go:46.2,46.61 1 1
github.com/pax-beehive/connector/datetime.go:49.49,51.2 1 1
github.com/pax-beehive/connector/datetime.go:53.35,53.70 1 1
github.com/pax-beehive/connector/errors.go:13.35,14.37 1 1
github.com/pax-beehive/connector/errors.go:14.37,16.3 1 1
github.com/pax-beehive/connector/errors.go:17.2,17.70 1 1
github.com/pax-beehive/connector/params.go:22.58,24.16 2 1
github.com/pax-beehive/connector/params.go:24.16,26.3 1 1
github.com/pax-beehive/connector/params.go:27.2,28.34 2 1
github.com/pax-beehive/connector/params.go:28.34,29.16 1 1
github.com/pax-beehive/connector/params.go:29.16,31.4 1 1
github.com/pax-beehive/connector/params.go:32.3,32.15 1 1
github.com/pax-beehive/connector/params.go:34.2,34.32 1 1
github.com/pax-beehive/connector/params.go:34.32,36.3 1 1
github.com/pax-beehive/connector/params.go:37.2,37.40 1 1
github.com/pax-beehive/connector/params.go:37.40,39.3 1 0
github.com/pax-beehive/connector/params.go:40.2,40.15 1 1
github.com/pax-beehive/connector/params.go:43.59,45.36 2 1
github.com/pax-beehive/connector/params.go:45.36,46.57 1 1
github.com/pax-beehive/connector/params.go:46.57,48.4 1 0
github.com/pax-beehive/connector/params.go:50.2,50.12 1 1
github.com/pax-beehive/connector/params.go:53.79,55.16 2 1
github.com/pax-beehive/connector/params.go:55.16,57.3 1 1
github.com/pax-beehive/connector/params.go:58.2,58.35 1 1
github.com/pax-beehive/connector/params.go:58.35,59.17 1 1
github.com/pax-beehive/connector/params.go:59.17,61.4 1 1
github.com/pax-beehive/connector/params.go:62.3,62.17 1 1
github.com/pax-beehive/connector/params.go:64.2,64.51 1 1
github.com/pax-beehive/connector/params.go:64.51,65.33 1 1
github.com/pax-beehive/connector/params.go:65.33,67.18 2 1
github.com/pax-beehive/connector/params.go:67.18,69.5 1 0
github.com/pax-beehive/connector/params.go:70.4,70.24 1 1
github.com/pax-beehive/connector/params.go:72.3,72.13 1 1
github.com/pax-beehive/connector/params.go:74.2,75.16 2 1
github.com/pax-beehive/connector/params.go:75.16,77.3 1 0
github.com/pax-beehive/connector/params.go:78.2,78.14 1 1
github.com/pax-beehive/connector/params.go:79.15,80.23 1 1
github.com/pax-beehive/connector/params.go:81.14,82.19 1 1
github.com/pax-beehive/connector/params.go:83.16,84.21 1 1
github.com/pax-beehive/connector/params.go:86.2,86.12 1 1
github.com/pax-beehive/connector/params.go:89.59,90.56 1 1
github.com/pax-beehive/connector/params.go:90.56,91.51 1 1
github.com/pax-beehive/connector/params.go:91.51,93.4 1 1
github.com/pax-beehive/connector/params.go:95.2,95.15 1 1
github.com/pax-beehive/connector/params.go:98.51,99.47 1 1
github.com/pax-beehive/connector/params.go:99.47,101.3 1 1
github.com/pax-beehive/connector/params.go:102.2,102.18 1 1
github.com/pax-beehive/connector/params.go:103.22,104.25 1 1
github.com/pax-beehive/connector/params.go:105.78,106.45 1 1
github.com/pax-beehive/connector/params.go:107.23,108.58 1 1
github.com/pax-beehive/connector/params.go:109.23,110.58 1 1
github.com/pax-beehive/connector/params.go:111.20,112.43 1 1
github.com/pax-beehive/connector/params.go:113.10,114.78 1 0
github.com/pax-beehive/connector/cmd/connector-gen/main.go:13.13,16.44 3 0
github.com/pax-beehive/connector/cmd/connector-gen/main.go:16.44,19.3 2 0
github.com/pax-beehive/connector/internal/genlib/build.go:24.55,27.16 3 1
github.com/pax-beehive/connector/internal/genlib/build.go:27.16,29.3 1 1
github.com/pax-beehive/connector/internal/genlib/build.go:30.2,31.25 2 1
github.com/pax-beehive/connector/internal/genlib/build.go:31.25,33.3 1 1
github.com/pax-beehive/connector/internal/genlib/build.go:34.2,34.76 1 1
github.com/pax-beehive/connector/internal/genlib/build.go:34.76,36.3 1 0
github.com/pax-beehive/connector/internal/genlib/build.go:37.2,37.26 1 1
github.com/pax-beehive/connector/internal/genlib/build.go:37.26,38.40 1 1
github.com/pax-beehive/connector/internal/genlib/build.go:38.40,40.4 1 0
github.com/pax-beehive/connector/internal/genlib/build.go:42.2,42.40 1 1
github.com/pax-beehive/connector/internal/genlib/build.go:42.40,44.3 1 0
github.com/pax-beehive/connector/internal/genlib/build.go:45.2,46.43 2 1
github.com/pax-beehive/connector/internal/genlib/build.go:46.43,48.3 1 0
github.com/pax-beehive/connector/internal/genlib/build.go:49.2,49.18 1 1
github.com/pax-beehive/connector/internal/genlib/build.go:54.46,56.50 2 1
github.com/pax-beehive/connector/internal/genlib/build.go:56.50,58.3 1 1
github.com/pax-beehive/connector/internal/genlib/build.go:59.2,59.41 1 1
github.com/pax-beehive/connector/internal/genlib/build.go:59.41,61.21 2 1
github.com/pax-beehive/connector/internal/genlib/build.go:61.21,62.12 1 1
github.com/pax-beehive/connector/internal/genlib/build.go:64.3,65.49 2 1
github.com/pax-beehive/connector/internal/genlib/build.go:65.49,67.4 1 1
github.com/pax-beehive/connector/internal/genlib/build.go:68.3,68.56 1 1
github.com/pax-beehive/connector/internal/genlib/build.go:70.2,70.13 1 1
github.com/pax-beehive/connector/internal/genlib/build.go:73.60,74.16 1 1
github.com/pax-beehive/connector/internal/genlib/build.go:74.16,76.3 1 0
github.com/pax-beehive/connector/internal/genlib/build.go:77.2,77.18 1 1
github.com/pax-beehive/connector/internal/genlib/build.go:87.52,90.44 3 1
github.com/pax-beehive/connector/internal/genlib/build.go:90.44,91.49 1 1
github.com/pax-beehive/connector/internal/genlib/build.go:91.49,93.34 2 1
github.com/pax-beehive/connector/internal/genlib/build.go:93.34,95.5 1 1
github.com/pax-beehive/connector/internal/genlib/build.go:96.4,97.90 2 1
github.com/pax-beehive/connector/internal/genlib/build.go:100.2,100.38 1 1
github.com/pax-beehive/connector/internal/genlib/build.go:100.38,100.86 1 1
github.com/pax-beehive/connector/internal/genlib/build.go:101.2,101.17 1 1
github.com/pax-beehive/connector/internal/genlib/build.go:104.42,105.29 1 1
github.com/pax-beehive/connector/internal/genlib/build.go:105.29,107.3 1 0
github.com/pax-beehive/connector/internal/genlib/build.go:108.2,109.45 2 1
github.com/pax-beehive/connector/internal/genlib/build.go:109.45,111.3 1 1
github.com/pax-beehive/connector/internal/genlib/build.go:112.2,113.14 2 1
github.com/pax-beehive/connector/internal/genlib/build.go:116.62,117.29 1 1
github.com/pax-beehive/connector/internal/genlib/build.go:117.29,119.3 1 0
github.com/pax-beehive/connector/internal/genlib/build.go:120.2,120.39 1 1
github.com/pax-beehive/connector/internal/genlib/build.go:123.44,131.51 2 1
github.com/pax-beehive/connector/internal/genlib/build.go:131.51,133.3 1 0
github.com/pax-beehive/connector/internal/genlib/build.go:134.2,134.49 1 1
github.com/pax-beehive/connector/internal/genlib/build.go:134.49,136.3 1 0
github.com/pax-beehive/connector/internal/genlib/build.go:137.2,137.53 1 1
github.com/pax-beehive/connector/internal/genlib/build.go:137.53,139.3 1 0
github.com/pax-beehive/connector/internal/genlib/build.go:140.2,141.52 2 1
github.com/pax-beehive/connector/internal/genlib/build.go:141.52,143.3 1 0
github.com/pax-beehive/connector/internal/genlib/build.go:144.2,145.12 2 1
github.com/pax-beehive/connector/internal/genlib/build.go:148.43,149.22 1 1
github.com/pax-beehive/connector/internal/genlib/build.go:149.22,151.3 1 1
github.com/pax-beehive/connector/internal/genlib/build.go:152.2,152.18 1 0
github.com/pax-beehive/connector/internal/genlib/build.go:156.77,158.38 2 1
github.com/pax-beehive/connector/internal/genlib/build.go:158.38,161.17 3 1
github.com/pax-beehive/connector/internal/genlib/build.go:161.17,163.4 1 0
github.com/pax-beehive/connector/internal/genlib/build.go:164.3,164.15 1 1
github.com/pax-beehive/connector/internal/genlib/build.go:165.15,166.26 1 1
github.com/pax-beehive/connector/internal/genlib/build.go:167.16,168.28 1 1
github.com/pax-beehive/connector/internal/genlib/build.go:169.17,170.30 1 1
github.com/pax-beehive/connector/internal/genlib/build.go:173.2,174.12 2 1
github.com/pax-beehive/connector/internal/genlib/build.go:178.76,179.14 1 1
github.com/pax-beehive/connector/internal/genlib/build.go:180.14,181.58 1 1
github.com/pax-beehive/connector/internal/genlib/build.go:181.58,183.4 1 1
github.com/pax-beehive/connector/internal/genlib/build.go:184.3,188.17 1 1
github.com/pax-beehive/connector/internal/genlib/build.go:189.15,195.18 2 1
github.com/pax-beehive/connector/internal/genlib/build.go:196.16,197.42 1 1
github.com/pax-beehive/connector/internal/genlib/build.go:197.42,198.39 1 1
github.com/pax-beehive/connector/internal/genlib/build.go:198.39,200.5 1 1
github.com/pax-beehive/connector/internal/genlib/build.go:202.3,206.19 1 1
github.com/pax-beehive/connector/internal/genlib/build.go:207.10,208.76 1 0
github.com/pax-beehive/connector/internal/genlib/build.go:214.75,216.19 2 1
github.com/pax-beehive/connector/internal/genlib/build.go:216.19,218.3 1 1
github.com/pax-beehive/connector/internal/genlib/build.go:219.2,219.22 1 1
github.com/pax-beehive/connector/internal/genlib/build.go:219.22,222.37 3 1
github.com/pax-beehive/connector/internal/genlib/build.go:222.37,224.4 1 0
github.com/pax-beehive/connector/internal/genlib/build.go:225.3,227.13 3 1
github.com/pax-beehive/connector/internal/genlib/build.go:229.2,229.37 1 1
github.com/pax-beehive/connector/internal/genlib/build.go:229.37,238.3 4 1
github.com/pax-beehive/connector/internal/genlib/build.go:239.2,239.73 1 0
github.com/pax-beehive/connector/internal/genlib/build.go:242.62,243.60 1 1
github.com/pax-beehive/connector/internal/genlib/build.go:243.60,245.3 1 1
github.com/pax-beehive/connector/internal/genlib/build.go:246.2,246.53 1 1
github.com/pax-beehive/connector/internal/genlib/build.go:251.66,252.44 1 1
github.com/pax-beehive/connector/internal/genlib/build.go:252.44,254.3 1 1
github.com/pax-beehive/connector/internal/genlib/build.go:255.2,255.29 1 1
github.com/pax-beehive/connector/internal/genlib/build.go:255.29,256.23 1 0
github.com/pax-beehive/connector/internal/genlib/build.go:256.23,258.4 1 0
github.com/pax-beehive/connector/internal/genlib/build.go:260.2,260.12 1 1
github.com/pax-beehive/connector/internal/genlib/build.go:263.73,264.50 1 1
github.com/pax-beehive/connector/internal/genlib/build.go:264.50,272.3 3 1
github.com/pax-beehive/connector/internal/genlib/build.go:277.79,279.19 2 1
github.com/pax-beehive/connector/internal/genlib/build.go:279.19,282.3 2 1
github.com/pax-beehive/connector/internal/genlib/build.go:283.2,285.22 3 1
github.com/pax-beehive/connector/internal/genlib/build.go:285.22,288.66 3 1
github.com/pax-beehive/connector/internal/genlib/build.go:288.66,290.4 1 1
github.com/pax-beehive/connector/internal/genlib/build.go:291.3,291.13 1 1
github.com/pax-beehive/connector/internal/genlib/build.go:293.2,293.43 1 1
github.com/pax-beehive/connector/internal/genlib/build.go:296.80,297.24 1 1
github.com/pax-beehive/connector/internal/genlib/build.go:298.20,299.34 1 1
github.com/pax-beehive/connector/internal/genlib/build.go:300.15,303.32 3 1
github.com/pax-beehive/connector/internal/genlib/build.go:304.10,305.102 1 0
github.com/pax-beehive/connector/internal/genlib/build.go:307.2,307.12 1 1
github.com/pax-beehive/connector/internal/genlib/build.go:311.65,312.26 1 1
github.com/pax-beehive/connector/internal/genlib/build.go:312.26,314.3 1 0
github.com/pax-beehive/connector/internal/genlib/build.go:315.2,317.22 3 1
github.com/pax-beehive/connector/internal/genlib/build.go:317.22,318.35 1 1
github.com/pax-beehive/connector/internal/genlib/build.go:318.35,320.4 1 1
github.com/pax-beehive/connector/internal/genlib/build.go:322.2,323.29 2 1
github.com/pax-beehive/connector/internal/genlib/build.go:323.29,324.41 1 1
github.com/pax-beehive/connector/internal/genlib/build.go:324.41,325.60 1 1
github.com/pax-beehive/connector/internal/genlib/build.go:325.60,327.5 1 1
github.com/pax-beehive/connector/internal/genlib/build.go:330.2,330.12 1 1
github.com/pax-beehive/connector/internal/genlib/build.go:335.61,336.19 1 1
github.com/pax-beehive/connector/internal/genlib/build.go:336.19,338.3 1 0
github.com/pax-beehive/connector/internal/genlib/build.go:339.2,339.22 1 1
github.com/pax-beehive/connector/internal/genlib/build.go:339.22,341.3 1 1
github.com/pax-beehive/connector/internal/genlib/build.go:342.2,342.37 1 1
github.com/pax-beehive/connector/internal/genlib/build.go:345.59,346.19 1 1
github.com/pax-beehive/connector/internal/genlib/build.go:347.16,348.27 1 1
github.com/pax-beehive/connector/internal/genlib/build.go:349.17,350.26 1 1
github.com/pax-beehive/connector/internal/genlib/build.go:350.26,352.4 1 1
github.com/pax-beehive/connector/internal/genlib/build.go:353.3,353.16 1 1
github.com/pax-beehive/connector/internal/genlib/build.go:354.16,355.20 1 1
github.com/pax-beehive/connector/internal/genlib/build.go:356.17,357.17 1 1
github.com/pax-beehive/connector/internal/genlib/build.go:358.15,359.36 1 1
github.com/pax-beehive/connector/internal/genlib/build.go:360.16,361.43 1 1
github.com/pax-beehive/connector/internal/genlib/build.go:361.43,363.4 1 1
github.com/pax-beehive/connector/internal/genlib/build.go:364.3,364.26 1 0
github.com/pax-beehive/connector/internal/genlib/build.go:365.10,366.15 1 0
github.com/pax-beehive/connector/internal/genlib/build.go:370.59,371.18 1 1
github.com/pax-beehive/connector/internal/genlib/build.go:372.14,373.18 1 1
github.com/pax-beehive/connector/internal/genlib/build.go:374.19,375.31 1 1
github.com/pax-beehive/connector/internal/genlib/build.go:375.31,377.4 1 1
github.com/pax-beehive/connector/internal/genlib/build.go:378.3,378.22 1 0
github.com/pax-beehive/connector/internal/genlib/build.go:379.10,380.19 1 1
github.com/pax-beehive/connector/internal/genlib/build.go:385.63,387.2 1 1
github.com/pax-beehive/connector/internal/genlib/build.go:389.40,390.52 1 1
github.com/pax-beehive/connector/internal/genlib/build.go:390.52,392.3 1 0
github.com/pax-beehive/connector/internal/genlib/build.go:393.2,393.21 1 1
github.com/pax-beehive/connector/internal/genlib/build.go:397.61,398.19 1 1
github.com/pax-beehive/connector/internal/genlib/build.go:398.19,400.3 1 1
github.com/pax-beehive/connector/internal/genlib/build.go:401.2,401.22 1 1
github.com/pax-beehive/connector/internal/genlib/build.go:401.22,404.3 2 1
github.com/pax-beehive/connector/internal/genlib/build.go:405.2,405.28 1 1
github.com/pax-beehive/connector/internal/genlib/build.go:408.42,409.19 1 1
github.com/pax-beehive/connector/internal/genlib/build.go:409.19,411.3 1 1
github.com/pax-beehive/connector/internal/genlib/build.go:412.2,413.62 2 1
github.com/pax-beehive/connector/internal/genlib/build.go:413.62,415.3 1 1
github.com/pax-beehive/connector/internal/genlib/build.go:418.50,419.14 1 1
github.com/pax-beehive/connector/internal/genlib/build.go:419.14,421.3 1 0
github.com/pax-beehive/connector/internal/genlib/build.go:422.2,422.36 1 1
github.com/pax-beehive/connector/internal/genlib/build.go:422.36,424.3 1 1
github.com/pax-beehive/connector/internal/genlib/build.go:425.2,426.48 2 1
github.com/pax-beehive/connector/internal/genlib/build.go:430.39,432.28 2 1
github.com/pax-beehive/connector/internal/genlib/build.go:432.28,434.3 1 1
github.com/pax-beehive/connector/internal/genlib/build.go:435.2,436.29 2 1
github.com/pax-beehive/connector/internal/genlib/build.go:436.29,438.37 2 1
github.com/pax-beehive/connector/internal/genlib/build.go:438.37,440.4 1 0
github.com/pax-beehive/connector/internal/genlib/build.go:441.3,442.57 2 1
github.com/pax-beehive/connector/internal/genlib/build.go:442.57,448.4 1 1
github.com/pax-beehive/connector/internal/genlib/build.go:449.3,449.44 1 1
github.com/pax-beehive/connector/internal/genlib/build.go:449.44,451.4 1 0
github.com/pax-beehive/connector/internal/genlib/build.go:452.3,452.39 1 1
github.com/pax-beehive/connector/internal/genlib/build.go:454.2,454.12 1 1
github.com/pax-beehive/connector/internal/genlib/build.go:458.28,459.43 1 1
github.com/pax-beehive/connector/internal/genlib/build.go:459.43,460.41 1 1
github.com/pax-beehive/connector/internal/genlib/build.go:460.41,462.4 1 1
github.com/pax-beehive/connector/internal/genlib/build.go:463.3,463.57 1 1
github.com/pax-beehive/connector/internal/genlib/build.go:465.2,466.30 2 1
github.com/pax-beehive/connector/internal/genlib/build.go:466.30,468.25 2 1
github.com/pax-beehive/connector/internal/genlib/build.go:468.25,470.4 1 1
github.com/pax-beehive/connector/internal/genlib/build.go:472.2,472.24 1 1
github.com/pax-beehive/connector/internal/genlib/build.go:472.24,474.3 1 1
github.com/pax-beehive/connector/internal/genlib/build.go:475.2,476.47 2 1
github.com/pax-beehive/connector/internal/genlib/build.go:476.47,476.101 1 1
github.com/pax-beehive/connector/internal/genlib/build.go:480.42,481.41 1 1
github.com/pax-beehive/connector/internal/genlib/build.go:481.41,482.39 1 1
github.com/pax-beehive/connector/internal/genlib/build.go:482.39,484.4 1 0
github.com/pax-beehive/connector/internal/genlib/build.go:485.3,486.13 2 1
github.com/pax-beehive/connector/internal/genlib/build.go:488.2,488.32 1 1
github.com/pax-beehive/connector/internal/genlib/build.go:488.32,489.53 1 1
github.com/pax-beehive/connector/internal/genlib/build.go:489.53,491.4 1 0
github.com/pax-beehive/connector/internal/genlib/build.go:493.2,493.30 1 1
github.com/pax-beehive/connector/internal/genlib/build.go:493.30,494.74 1 1
github.com/pax-beehive/connector/internal/genlib/build.go:494.74,496.4 1 0
github.com/pax-beehive/connector/internal/genlib/build.go:497.3,498.19 2 1
github.com/pax-beehive/connector/internal/genlib/build.go:498.19,499.84 1 1
github.com/pax-beehive/connector/internal/genlib/build.go:499.84,501.5 1 0
github.com/pax-beehive/connector/internal/genlib/build.go:504.2,504.12 1 1
github.com/pax-beehive/connector/internal/genlib/build.go:507.38,509.29 2 1
github.com/pax-beehive/connector/internal/genlib/build.go:509.29,510.19 1 1
github.com/pax-beehive/connector/internal/genlib/build.go:510.19,512.4 1 0
github.com/pax-beehive/connector/internal/genlib/build.go:513.3,513.22 1 1
github.com/pax-beehive/connector/internal/genlib/build.go:515.2,515.12 1 1
github.com/pax-beehive/connector/internal/genlib/build.go:518.46,520.19 2 1
github.com/pax-beehive/connector/internal/genlib/build.go:520.19,522.3 1 1
github.com/pax-beehive/connector/internal/genlib/build.go:523.2,524.13 2 1
github.com/pax-beehive/connector/internal/genlib/config.go:30.47,32.16 2 1
github.com/pax-beehive/connector/internal/genlib/config.go:32.16,34.3 1 1
github.com/pax-beehive/connector/internal/genlib/config.go:35.2,36.50 2 1
github.com/pax-beehive/connector/internal/genlib/config.go:36.50,38.3 1 0
github.com/pax-beehive/connector/internal/genlib/config.go:39.2,39.41 1 1
github.com/pax-beehive/connector/internal/genlib/config.go:39.41,41.3 1 1
github.com/pax-beehive/connector/internal/genlib/config.go:42.2,44.22 3 1
github.com/pax-beehive/connector/internal/genlib/config.go:44.22,46.3 1 1
github.com/pax-beehive/connector/internal/genlib/config.go:47.2,48.17 2 1
github.com/pax-beehive/connector/internal/genlib/load.go:14.49,16.16 2 1
github.com/pax-beehive/connector/internal/genlib/load.go:16.16,18.3 1 1
github.com/pax-beehive/connector/internal/genlib/load.go:19.2,22.53 2 1
github.com/pax-beehive/connector/internal/genlib/load.go:22.53,24.3 1 0
github.com/pax-beehive/connector/internal/genlib/load.go:25.2,25.28 1 1
github.com/pax-beehive/connector/internal/genlib/load.go:25.28,27.53 2 1
github.com/pax-beehive/connector/internal/genlib/load.go:27.53,29.4 1 0
github.com/pax-beehive/connector/internal/genlib/load.go:30.3,30.34 1 1
github.com/pax-beehive/connector/internal/genlib/load.go:32.2,32.48 1 0
github.com/pax-beehive/connector/internal/genlib/naming.go:13.35,16.25 3 1
github.com/pax-beehive/connector/internal/genlib/naming.go:16.25,17.50 1 1
github.com/pax-beehive/connector/internal/genlib/naming.go:17.50,19.12 2 1
github.com/pax-beehive/connector/internal/genlib/naming.go:21.3,21.16 1 1
github.com/pax-beehive/connector/internal/genlib/naming.go:21.16,24.4 2 1
github.com/pax-beehive/connector/internal/genlib/naming.go:25.3,25.17 1 1
github.com/pax-beehive/connector/internal/genlib/naming.go:27.2,28.13 2 1
github.com/pax-beehive/connector/internal/genlib/naming.go:28.13,30.3 1 0
github.com/pax-beehive/connector/internal/genlib/naming.go:31.2,31.33 1 1
github.com/pax-beehive/connector/internal/genlib/naming.go:31.33,33.3 1 0
github.com/pax-beehive/connector/internal/genlib/naming.go:34.2,34.10 1 1
github.com/pax-beehive/connector/internal/genlib/naming.go:40.75,41.50 1 1
github.com/pax-beehive/connector/internal/genlib/naming.go:41.50,43.3 1 1
github.com/pax-beehive/connector/internal/genlib/naming.go:44.2,44.42 1 1
github.com/pax-beehive/connector/internal/genlib/naming.go:44.42,46.3 1 1
github.com/pax-beehive/connector/internal/genlib/naming.go:47.2,47.30 1 1
github.com/pax-beehive/connector/internal/genlib/naming.go:51.33,53.2 1 1
github.com/pax-beehive/connector/internal/genlib/naming.go:56.38,57.47 1 1
github.com/pax-beehive/connector/internal/genlib/naming.go:57.47,59.3 1 1
github.com/pax-beehive/connector/internal/genlib/naming.go:60.2,60.13 1 1
github.com/pax-beehive/connector/internal/genlib/naming.go:65.47,66.42 1 1
github.com/pax-beehive/connector/internal/genlib/naming.go:66.42,67.38 1 1
github.com/pax-beehive/connector/internal/genlib/naming.go:67.38,69.4 1 1
github.com/pax-beehive/connector/internal/genlib/naming.go:71.2,71.14 1 1
github.com/pax-beehive/connector/internal/genlib/naming.go:79.104,82.30 3 1
github.com/pax-beehive/connector/internal/genlib/naming.go:82.30,84.3 1 1
github.com/pax-beehive/connector/internal/genlib/naming.go:85.2,86.33 2 1
github.com/pax-beehive/connector/internal/genlib/naming.go:86.33,87.47 1 1
github.com/pax-beehive/connector/internal/genlib/naming.go:87.47,90.12 3 1
github.com/pax-beehive/connector/internal/genlib/naming.go:92.3,93.44 2 1
github.com/pax-beehive/connector/internal/genlib/naming.go:97.2,99.27 3 1
github.com/pax-beehive/connector/internal/genlib/naming.go:99.27,103.3 3 1
github.com/pax-beehive/connector/internal/genlib/naming.go:104.2,105.29 2 1
github.com/pax-beehive/connector/internal/genlib/naming.go:105.29,108.79 3 1
github.com/pax-beehive/connector/internal/genlib/naming.go:108.79,110.4 1 1
github.com/pax-beehive/connector/internal/genlib/naming.go:112.2,112.19 1 1
github.com/pax-beehive/connector/internal/genlib/naming.go:115.124,116.29 1 1
github.com/pax-beehive/connector/internal/genlib/naming.go:116.29,117.66 1 1
github.com/pax-beehive/connector/internal/genlib/naming.go:117.66,120.12 3 1
github.com/pax-beehive/connector/internal/genlib/naming.go:122.3,123.17 2 1
github.com/pax-beehive/connector/internal/genlib/naming.go:123.17,125.4 1 1
github.com/pax-beehive/connector/internal/genlib/naming.go:126.3,127.21 2 1
github.com/pax-beehive/connector/internal/genlib/naming.go:129.2,129.12 1 1
github.com/pax-beehive/connector/internal/genlib/naming.go:134.77,137.42 3 1
github.com/pax-beehive/connector/internal/genlib/naming.go:137.42,139.19 2 1
github.com/pax-beehive/connector/internal/genlib/naming.go:139.19,141.4 1 1
github.com/pax-beehive/connector/internal/genlib/naming.go:143.2,143.87 1 1
github.com/pax-beehive/connector/internal/genlib/render.go:17.61,19.78 2 1
github.com/pax-beehive/connector/internal/genlib/render.go:19.78,21.3 1 0
github.com/pax-beehive/connector/internal/genlib/render.go:22.2,22.30 1 1
github.com/pax-beehive/connector/internal/genlib/render.go:22.30,25.68 3 1
github.com/pax-beehive/connector/internal/genlib/render.go:25.68,27.4 1 0
github.com/pax-beehive/connector/internal/genlib/render.go:29.2,30.99 2 1
github.com/pax-beehive/connector/internal/genlib/render.go:30.99,32.3 1 0
github.com/pax-beehive/connector/internal/genlib/render.go:33.2,33.19 1 1
github.com/pax-beehive/connector/internal/genlib/render.go:36.48,38.28 2 1
github.com/pax-beehive/connector/internal/genlib/render.go:38.28,39.20 1 1
github.com/pax-beehive/connector/internal/genlib/render.go:39.20,41.4 1 1
github.com/pax-beehive/connector/internal/genlib/render.go:43.2,43.12 1 1
github.com/pax-beehive/connector/internal/genlib/render.go:48.100,49.38 1 1
github.com/pax-beehive/connector/internal/genlib/render.go:49.38,51.3 1 0
github.com/pax-beehive/connector/internal/genlib/render.go:52.2,53.16 2 1
github.com/pax-beehive/connector/internal/genlib/render.go:53.16,55.3 1 0
github.com/pax-beehive/connector/internal/genlib/render.go:56.2,57.16 2 1
github.com/pax-beehive/connector/internal/genlib/render.go:57.16,59.3 1 0
github.com/pax-beehive/connector/internal/genlib/render.go:60.2,62.16 3 1
github.com/pax-beehive/connector/internal/genlib/render.go:62.16,64.3 1 0
github.com/pax-beehive/connector/internal/genlib/render.go:65.2,66.12 2 1
github.com/pax-beehive/connector/internal/genlib/render.go:69.64,71.16 2 1
github.com/pax-beehive/connector/internal/genlib/render.go:71.16,73.3 1 0
github.com/pax-beehive/connector/internal/genlib/render.go:74.2,75.46 2 1
github.com/pax-beehive/connector/internal/genlib/render.go:75.46,77.3 1 0
github.com/pax-beehive/connector/internal/genlib/render.go:78.2,78.26 1 1
github.com/pax-beehive/connector/internal/genlib/render.go:84.54,87.40 3 1
github.com/pax-beehive/connector/internal/genlib/render.go:87.40,89.3 1 1
github.com/pax-beehive/connector/internal/genlib/render.go:90.2,90.41 1 1
github.com/pax-beehive/connector/internal/genlib/render.go:90.41,92.3 1 0
github.com/pax-beehive/connector/internal/genlib/render.go:93.2,93.42 1 1
github.com/pax-beehive/connector/internal/genlib/render.go:93.42,95.3 1 1
github.com/pax-beehive/connector/internal/genlib/render.go:96.2,96.23 1 1
github.com/pax-beehive/connector/internal/genlib/render.go:96.23,98.3 1 1
github.com/pax-beehive/connector/internal/genlib/render.go:99.2,100.67 2 1
github.com/pax-beehive/connector/internal/genlib/render.go:103.44,105.49 2 1
github.com/pax-beehive/connector/internal/genlib/render.go:105.49,106.55 1 1
github.com/pax-beehive/connector/internal/genlib/render.go:106.55,107.12 1 1
github.com/pax-beehive/connector/internal/genlib/render.go:109.3,110.20 2 1
github.com/pax-beehive/connector/internal/genlib/render.go:112.2,112.19 1 1
github.com/pax-beehive/connector/internal/genlib/render.go:115.35,118.23 3 1
github.com/pax-beehive/connector/internal/genlib/render.go:118.23,119.29 1 1
github.com/pax-beehive/connector/internal/genlib/render.go:119.29,121.4 1 1
github.com/pax-beehive/connector/internal/genlib/render.go:123.2,123.12 1 1
github.com/pax-beehive/connector/internal/genlib/run.go:9.35,11.16 2 1
github.com/pax-beehive/connector/internal/genlib/run.go:11.16,13.3 1 1
github.com/pax-beehive/connector/internal/genlib/run.go:14.2,15.16 2 1
github.com/pax-beehive/connector/internal/genlib/run.go:15.16,17.3 1 0
github.com/pax-beehive/connector/internal/genlib/run.go:18.2,19.16 2 1
github.com/pax-beehive/connector/internal/genlib/run.go:19.16,21.3 1 0
github.com/pax-beehive/connector/internal/genlib/run.go:22.2,23.16 2 1
github.com/pax-beehive/connector/internal/genlib/run.go:23.16,25.3 1 0
github.com/pax-beehive/connector/internal/genlib/run.go:26.2,26.32 1 1
github.com/pax-beehive/connector/internal/genlib/run.go:26.32,27.84 1 1
github.com/pax-beehive/connector/internal/genlib/run.go:27.84,29.4 1 0
github.com/pax-beehive/connector/internal/genlib/run.go:31.2,31.12 1 1
github.com/pax-beehive/connector/mindbody/appointment_gen.go:34.115,35.16 1 1
github.com/pax-beehive/connector/mindbody/appointment_gen.go:35.16,37.3 1 1
github.com/pax-beehive/connector/mindbody/appointment_gen.go:38.2,46.16 3 1
github.com/pax-beehive/connector/mindbody/appointment_gen.go:46.16,48.3 1 0
github.com/pax-beehive/connector/mindbody/appointment_gen.go:49.2,49.17 1 1
github.com/pax-beehive/connector/mindbody/appointment_gen.go:62.130,63.16 1 1
github.com/pax-beehive/connector/mindbody/appointment_gen.go:63.16,65.3 1 1
github.com/pax-beehive/connector/mindbody/appointment_gen.go:66.2,74.16 3 1
github.com/pax-beehive/connector/mindbody/appointment_gen.go:74.16,76.3 1 0
github.com/pax-beehive/connector/mindbody/appointment_gen.go:77.2,77.17 1 1
github.com/pax-beehive/connector/mindbody/appointment_gen.go:95.124,96.16 1 1
github.com/pax-beehive/connector/mindbody/appointment_gen.go:96.16,98.3 1 1
github.com/pax-beehive/connector/mindbody/appointment_gen.go:99.2,107.16 3 1
github.com/pax-beehive/connector/mindbody/appointment_gen.go:107.16,109.3 1 0
github.com/pax-beehive/connector/mindbody/appointment_gen.go:110.2,110.17 1 1
github.com/pax-beehive/connector/mindbody/appointment_gen.go:119.142,120.16 1 1
github.com/pax-beehive/connector/mindbody/appointment_gen.go:120.16,122.3 1 1
github.com/pax-beehive/connector/mindbody/appointment_gen.go:123.2,131.16 3 1
github.com/pax-beehive/connector/mindbody/appointment_gen.go:131.16,133.3 1 0
github.com/pax-beehive/connector/mindbody/appointment_gen.go:134.2,134.17 1 1
github.com/pax-beehive/connector/mindbody/appointment_gen.go:146.139,147.16 1 1
github.com/pax-beehive/connector/mindbody/appointment_gen.go:147.16,149.3 1 1
github.com/pax-beehive/connector/mindbody/appointment_gen.go:150.2,156.16 3 1
github.com/pax-beehive/connector/mindbody/appointment_gen.go:156.16,158.3 1 0
github.com/pax-beehive/connector/mindbody/appointment_gen.go:159.2,159.17 1 1
github.com/pax-beehive/connector/mindbody/appointment_gen.go:172.127,173.16 1 1
github.com/pax-beehive/connector/mindbody/appointment_gen.go:173.16,175.3 1 1
github.com/pax-beehive/connector/mindbody/appointment_gen.go:176.2,182.16 3 1
github.com/pax-beehive/connector/mindbody/appointment_gen.go:182.16,184.3 1 0
github.com/pax-beehive/connector/mindbody/appointment_gen.go:185.2,185.17 1 1
github.com/pax-beehive/connector/mindbody/appointment_gen.go:199.136,200.16 1 1
github.com/pax-beehive/connector/mindbody/appointment_gen.go:200.16,202.3 1 1
github.com/pax-beehive/connector/mindbody/appointment_gen.go:203.2,210.16 3 1
github.com/pax-beehive/connector/mindbody/appointment_gen.go:210.16,212.3 1 0
github.com/pax-beehive/connector/mindbody/appointment_gen.go:213.2,213.17 1 1
github.com/pax-beehive/connector/mindbody/appointment_gen.go:224.100,225.16 1 1
github.com/pax-beehive/connector/mindbody/appointment_gen.go:225.16,227.3 1 1
github.com/pax-beehive/connector/mindbody/appointment_gen.go:228.2,235.16 3 1
github.com/pax-beehive/connector/mindbody/appointment_gen.go:235.16,237.3 1 0
github.com/pax-beehive/connector/mindbody/appointment_gen.go:238.2,238.17 1 1
github.com/pax-beehive/connector/mindbody/appointment_gen.go:246.136,247.16 1 1
github.com/pax-beehive/connector/mindbody/appointment_gen.go:247.16,249.3 1 1
github.com/pax-beehive/connector/mindbody/appointment_gen.go:250.2,257.16 3 1
github.com/pax-beehive/connector/mindbody/appointment_gen.go:257.16,259.3 1 0
github.com/pax-beehive/connector/mindbody/appointment_gen.go:260.2,260.17 1 1
github.com/pax-beehive/connector/mindbody/appointment_gen.go:273.124,274.16 1 1
github.com/pax-beehive/connector/mindbody/appointment_gen.go:274.16,276.3 1 1
github.com/pax-beehive/connector/mindbody/appointment_gen.go:277.2,284.16 3 1
github.com/pax-beehive/connector/mindbody/appointment_gen.go:284.16,286.3 1 0
github.com/pax-beehive/connector/mindbody/appointment_gen.go:287.2,287.17 1 1
github.com/pax-beehive/connector/mindbody/appointment_gen.go:305.121,306.16 1 1
github.com/pax-beehive/connector/mindbody/appointment_gen.go:306.16,308.3 1 1
github.com/pax-beehive/connector/mindbody/appointment_gen.go:309.2,316.16 3 1
github.com/pax-beehive/connector/mindbody/appointment_gen.go:316.16,318.3 1 0
github.com/pax-beehive/connector/mindbody/appointment_gen.go:319.2,319.17 1 1
github.com/pax-beehive/connector/mindbody/appointment_gen.go:334.121,335.16 1 1
github.com/pax-beehive/connector/mindbody/appointment_gen.go:335.16,337.3 1 1
github.com/pax-beehive/connector/mindbody/appointment_gen.go:338.2,345.16 3 1
github.com/pax-beehive/connector/mindbody/appointment_gen.go:345.16,347.3 1 0
github.com/pax-beehive/connector/mindbody/appointment_gen.go:348.2,348.17 1 1
github.com/pax-beehive/connector/mindbody/appointment_gen.go:365.133,366.16 1 1
github.com/pax-beehive/connector/mindbody/appointment_gen.go:366.16,368.3 1 1
github.com/pax-beehive/connector/mindbody/appointment_gen.go:369.2,376.16 3 1
github.com/pax-beehive/connector/mindbody/appointment_gen.go:376.16,378.3 1 0
github.com/pax-beehive/connector/mindbody/appointment_gen.go:379.2,379.17 1 1
github.com/pax-beehive/connector/mindbody/appointment_gen.go:392.130,393.16 1 1
github.com/pax-beehive/connector/mindbody/appointment_gen.go:393.16,395.3 1 1
github.com/pax-beehive/connector/mindbody/appointment_gen.go:396.2,403.16 3 1
github.com/pax-beehive/connector/mindbody/appointment_gen.go:403.16,405.3 1 0
github.com/pax-beehive/connector/mindbody/appointment_gen.go:406.2,406.17 1 1
github.com/pax-beehive/connector/mindbody/appointment_gen.go:418.160,419.16 1 1
github.com/pax-beehive/connector/mindbody/appointment_gen.go:419.16,421.3 1 1
github.com/pax-beehive/connector/mindbody/appointment_gen.go:422.2,428.16 3 1
github.com/pax-beehive/connector/mindbody/appointment_gen.go:428.16,430.3 1 0
github.com/pax-beehive/connector/mindbody/appointment_gen.go:431.2,431.17 1 1
github.com/pax-beehive/connector/mindbody/appointment_gen.go:453.124,454.16 1 1
github.com/pax-beehive/connector/mindbody/appointment_gen.go:454.16,456.3 1 1
github.com/pax-beehive/connector/mindbody/appointment_gen.go:457.2,465.16 3 1
github.com/pax-beehive/connector/mindbody/appointment_gen.go:465.16,467.3 1 0
github.com/pax-beehive/connector/mindbody/appointment_gen.go:468.2,468.17 1 1
github.com/pax-beehive/connector/mindbody/appointment_gen.go:485.127,486.16 1 1
github.com/pax-beehive/connector/mindbody/appointment_gen.go:486.16,488.3 1 1
github.com/pax-beehive/connector/mindbody/appointment_gen.go:489.2,497.16 3 1
github.com/pax-beehive/connector/mindbody/appointment_gen.go:497.16,499.3 1 0
github.com/pax-beehive/connector/mindbody/appointment_gen.go:500.2,500.17 1 1
github.com/pax-beehive/connector/mindbody/class_gen.go:42.121,43.16 1 1
github.com/pax-beehive/connector/mindbody/class_gen.go:43.16,45.3 1 1
github.com/pax-beehive/connector/mindbody/class_gen.go:46.2,54.16 3 1
github.com/pax-beehive/connector/mindbody/class_gen.go:54.16,56.3 1 0
github.com/pax-beehive/connector/mindbody/class_gen.go:57.2,57.17 1 1
github.com/pax-beehive/connector/mindbody/class_gen.go:77.121,78.16 1 1
github.com/pax-beehive/connector/mindbody/class_gen.go:78.16,80.3 1 1
github.com/pax-beehive/connector/mindbody/class_gen.go:81.2,89.16 3 1
github.com/pax-beehive/connector/mindbody/class_gen.go:89.16,91.3 1 0
github.com/pax-beehive/connector/mindbody/class_gen.go:92.2,92.17 1 1
github.com/pax-beehive/connector/mindbody/class_gen.go:104.124,105.16 1 1
github.com/pax-beehive/connector/mindbody/class_gen.go:105.16,107.3 1 1
github.com/pax-beehive/connector/mindbody/class_gen.go:108.2,116.16 3 1
github.com/pax-beehive/connector/mindbody/class_gen.go:116.16,118.3 1 0
github.com/pax-beehive/connector/mindbody/class_gen.go:119.2,119.17 1 1
github.com/pax-beehive/connector/mindbody/class_gen.go:136.133,137.16 1 1
github.com/pax-beehive/connector/mindbody/class_gen.go:137.16,139.3 1 1
github.com/pax-beehive/connector/mindbody/class_gen.go:140.2,147.16 3 1
github.com/pax-beehive/connector/mindbody/class_gen.go:147.16,149.3 1 0
github.com/pax-beehive/connector/mindbody/class_gen.go:150.2,150.17 1 1
github.com/pax-beehive/connector/mindbody/class_gen.go:167.124,168.16 1 1
github.com/pax-beehive/connector/mindbody/class_gen.go:168.16,170.3 1 1
github.com/pax-beehive/connector/mindbody/class_gen.go:171.2,178.16 3 1
github.com/pax-beehive/connector/mindbody/class_gen.go:178.16,180.3 1 0
github.com/pax-beehive/connector/mindbody/class_gen.go:181.2,181.17 1 1
github.com/pax-beehive/connector/mindbody/class_gen.go:192.115,193.16 1 1
github.com/pax-beehive/connector/mindbody/class_gen.go:193.16,195.3 1 1
github.com/pax-beehive/connector/mindbody/class_gen.go:196.2,203.16 3 1
github.com/pax-beehive/connector/mindbody/class_gen.go:203.16,205.3 1 0
github.com/pax-beehive/connector/mindbody/class_gen.go:206.2,206.17 1 1
github.com/pax-beehive/connector/mindbody/class_gen.go:231.103,232.16 1 1
github.com/pax-beehive/connector/mindbody/class_gen.go:232.16,234.3 1 1
github.com/pax-beehive/connector/mindbody/class_gen.go:235.2,242.16 3 1
github.com/pax-beehive/connector/mindbody/class_gen.go:242.16,244.3 1 0
github.com/pax-beehive/connector/mindbody/class_gen.go:245.2,245.17 1 1
github.com/pax-beehive/connector/mindbody/class_gen.go:265.103,266.16 1 1
github.com/pax-beehive/connector/mindbody/class_gen.go:266.16,268.3 1 1
github.com/pax-beehive/connector/mindbody/class_gen.go:269.2,276.16 3 1
github.com/pax-beehive/connector/mindbody/class_gen.go:276.16,278.3 1 0
github.com/pax-beehive/connector/mindbody/class_gen.go:279.2,279.17 1 1
github.com/pax-beehive/connector/mindbody/class_gen.go:293.109,294.16 1 1
github.com/pax-beehive/connector/mindbody/class_gen.go:294.16,296.3 1 1
github.com/pax-beehive/connector/mindbody/class_gen.go:297.2,304.16 3 1
github.com/pax-beehive/connector/mindbody/class_gen.go:304.16,306.3 1 0
github.com/pax-beehive/connector/mindbody/class_gen.go:307.2,307.17 1 1
github.com/pax-beehive/connector/mindbody/class_gen.go:322.127,323.16 1 1
github.com/pax-beehive/connector/mindbody/class_gen.go:323.16,325.3 1 1
github.com/pax-beehive/connector/mindbody/class_gen.go:326.2,333.16 3 1
github.com/pax-beehive/connector/mindbody/class_gen.go:333.16,335.3 1 0
github.com/pax-beehive/connector/mindbody/class_gen.go:336.2,336.17 1 1
github.com/pax-beehive/connector/mindbody/class_gen.go:351.136,352.16 1 1
github.com/pax-beehive/connector/mindbody/class_gen.go:352.16,354.3 1 1
github.com/pax-beehive/connector/mindbody/class_gen.go:355.2,363.16 3 1
github.com/pax-beehive/connector/mindbody/class_gen.go:363.16,365.3 1 0
github.com/pax-beehive/connector/mindbody/class_gen.go:366.2,366.17 1 1
github.com/pax-beehive/connector/mindbody/class_gen.go:380.145,381.16 1 1
github.com/pax-beehive/connector/mindbody/class_gen.go:381.16,383.3 1 1
github.com/pax-beehive/connector/mindbody/class_gen.go:384.2,392.16 3 1
github.com/pax-beehive/connector/mindbody/class_gen.go:392.16,394.3 1 0
github.com/pax-beehive/connector/mindbody/class_gen.go:395.2,395.17 1 1
github.com/pax-beehive/connector/mindbody/class_gen.go:404.127,405.16 1 1
github.com/pax-beehive/connector/mindbody/class_gen.go:405.16,407.3 1 1
github.com/pax-beehive/connector/mindbody/class_gen.go:408.2,415.16 3 1
github.com/pax-beehive/connector/mindbody/class_gen.go:415.16,417.3 1 0
github.com/pax-beehive/connector/mindbody/class_gen.go:418.2,418.17 1 1
github.com/pax-beehive/connector/mindbody/class_gen.go:432.139,433.16 1 1
github.com/pax-beehive/connector/mindbody/class_gen.go:433.16,435.3 1 1
github.com/pax-beehive/connector/mindbody/class_gen.go:436.2,444.16 3 1
github.com/pax-beehive/connector/mindbody/class_gen.go:444.16,446.3 1 0
github.com/pax-beehive/connector/mindbody/class_gen.go:447.2,447.17 1 1
github.com/pax-beehive/connector/mindbody/class_gen.go:460.106,461.16 1 1
github.com/pax-beehive/connector/mindbody/class_gen.go:461.16,463.3 1 1
github.com/pax-beehive/connector/mindbody/class_gen.go:464.2,471.16 3 1
github.com/pax-beehive/connector/mindbody/class_gen.go:471.16,473.3 1 0
github.com/pax-beehive/connector/mindbody/class_gen.go:474.2,474.17 1 1
github.com/pax-beehive/connector/mindbody/class_gen.go:509.130,510.16 1 1
github.com/pax-beehive/connector/mindbody/class_gen.go:510.16,512.3 1 1
github.com/pax-beehive/connector/mindbody/class_gen.go:513.2,521.16 3 1
github.com/pax-beehive/connector/mindbody/class_gen.go:521.16,523.3 1 0
github.com/pax-beehive/connector/mindbody/class_gen.go:524.2,524.17 1 1
github.com/pax-beehive/connector/mindbody/class_gen.go:537.145,538.16 1 1
github.com/pax-beehive/connector/mindbody/class_gen.go:538.16,540.3 1 1
github.com/pax-beehive/connector/mindbody/class_gen.go:541.2,548.16 3 1
github.com/pax-beehive/connector/mindbody/class_gen.go:548.16,550.3 1 0
github.com/pax-beehive/connector/mindbody/class_gen.go:551.2,551.17 1 1
github.com/pax-beehive/connector/mindbody/client.go:41.46,42.56 1 1
github.com/pax-beehive/connector/mindbody/client.go:42.56,44.3 1 1
github.com/pax-beehive/connector/mindbody/client.go:45.2,46.19 2 1
github.com/pax-beehive/connector/mindbody/client.go:46.19,48.3 1 1
github.com/pax-beehive/connector/mindbody/client.go:49.2,72.33 8 1
github.com/pax-beehive/connector/mindbody/client.go:75.47,84.2 3 1
github.com/pax-beehive/connector/mindbody/client.go:96.82,97.73 1 1
github.com/pax-beehive/connector/mindbody/client.go:97.73,99.3 1 1
github.com/pax-beehive/connector/mindbody/client.go:100.2,101.16 2 1
github.com/pax-beehive/connector/mindbody/client.go:101.16,103.3 1 1
github.com/pax-beehive/connector/mindbody/client.go:104.2,105.12 2 1
github.com/pax-beehive/connector/mindbody/client.go:108.72,111.19 3 1
github.com/pax-beehive/connector/mindbody/client.go:111.19,113.3 1 1
github.com/pax-beehive/connector/mindbody/client.go:114.2,122.16 4 1
github.com/pax-beehive/connector/mindbody/client.go:122.16,124.3 1 1
github.com/pax-beehive/connector/mindbody/client.go:125.2,125.54 1 1
github.com/pax-beehive/connector/mindbody/client.go:125.54,127.3 1 0
github.com/pax-beehive/connector/mindbody/client.go:128.2,129.21 2 1
github.com/pax-beehive/connector/mindbody/client.go:132.63,133.22 1 1
github.com/pax-beehive/connector/mindbody/client.go:133.22,135.3 1 0
github.com/pax-beehive/connector/mindbody/client.go:136.2,139.13 4 1
github.com/pax-beehive/connector/mindbody/client_gen.go:20.103,21.16 1 1
github.com/pax-beehive/connector/mindbody/client_gen.go:21.16,23.3 1 1
github.com/pax-beehive/connector/mindbody/client_gen.go:24.2,32.16 3 1
github.com/pax-beehive/connector/mindbody/client_gen.go:32.16,34.3 1 0
github.com/pax-beehive/connector/mindbody/client_gen.go:35.2,35.17 1 1
github.com/pax-beehive/connector/mindbody/client_gen.go:103.100,104.16 1 1
github.com/pax-beehive/connector/mindbody/client_gen.go:104.16,106.3 1 1
github.com/pax-beehive/connector/mindbody/client_gen.go:107.2,115.16 3 1
github.com/pax-beehive/connector/mindbody/client_gen.go:115.16,117.3 1 0
github.com/pax-beehive/connector/mindbody/client_gen.go:118.2,118.17 1 1
github.com/pax-beehive/connector/mindbody/client_gen.go:132.145,133.16 1 1
github.com/pax-beehive/connector/mindbody/client_gen.go:133.16,135.3 1 1
github.com/pax-beehive/connector/mindbody/client_gen.go:136.2,144.16 3 1
github.com/pax-beehive/connector/mindbody/client_gen.go:144.16,146.3 1 0
github.com/pax-beehive/connector/mindbody/client_gen.go:147.2,147.17 1 1
github.com/pax-beehive/connector/mindbody/client_gen.go:168.112,169.16 1 1
github.com/pax-beehive/connector/mindbody/client_gen.go:169.16,171.3 1 1
github.com/pax-beehive/connector/mindbody/client_gen.go:172.2,180.16 3 1
github.com/pax-beehive/connector/mindbody/client_gen.go:180.16,182.3 1 0
github.com/pax-beehive/connector/mindbody/client_gen.go:183.2,183.17 1 1
github.com/pax-beehive/connector/mindbody/client_gen.go:197.115,198.16 1 1
github.com/pax-beehive/connector/mindbody/client_gen.go:198.16,200.3 1 1
github.com/pax-beehive/connector/mindbody/client_gen.go:201.2,209.16 3 1
github.com/pax-beehive/connector/mindbody/client_gen.go:209.16,211.3 1 0
github.com/pax-beehive/connector/mindbody/client_gen.go:212.2,212.17 1 1
github.com/pax-beehive/connector/mindbody/client_gen.go:227.142,228.16 1 1
github.com/pax-beehive/connector/mindbody/client_gen.go:228.16,230.3 1 1
github.com/pax-beehive/connector/mindbody/client_gen.go:231.2,237.16 3 1
github.com/pax-beehive/connector/mindbody/client_gen.go:237.16,239.3 1 0
github.com/pax-beehive/connector/mindbody/client_gen.go:240.2,240.17 1 1
github.com/pax-beehive/connector/mindbody/client_gen.go:254.121,255.16 1 1
github.com/pax-beehive/connector/mindbody/client_gen.go:255.16,257.3 1 1
github.com/pax-beehive/connector/mindbody/client_gen.go:258.2,265.16 3 1
github.com/pax-beehive/connector/mindbody/client_gen.go:265.16,267.3 1 0
github.com/pax-beehive/connector/mindbody/client_gen.go:268.2,268.17 1 1
github.com/pax-beehive/connector/mindbody/client_gen.go:280.136,281.16 1 1
github.com/pax-beehive/connector/mindbody/client_gen.go:281.16,283.3 1 1
github.com/pax-beehive/connector/mindbody/client_gen.go:284.2,291.16 3 1
github.com/pax-beehive/connector/mindbody/client_gen.go:291.16,293.3 1 0
github.com/pax-beehive/connector/mindbody/client_gen.go:294.2,294.17 1 1
github.com/pax-beehive/connector/mindbody/client_gen.go:309.151,310.16 1 1
github.com/pax-beehive/connector/mindbody/client_gen.go:310.16,312.3 1 1
github.com/pax-beehive/connector/mindbody/client_gen.go:313.2,320.16 3 1
github.com/pax-beehive/connector/mindbody/client_gen.go:320.16,322.3 1 0
github.com/pax-beehive/connector/mindbody/client_gen.go:323.2,323.17 1 1
github.com/pax-beehive/connector/mindbody/client_gen.go:337.154,338.16 1 1
github.com/pax-beehive/connector/mindbody/client_gen.go:338.16,340.3 1 1
github.com/pax-beehive/connector/mindbody/client_gen.go:341.2,348.16 3 1
github.com/pax-beehive/connector/mindbody/client_gen.go:348.16,350.3 1 0
github.com/pax-beehive/connector/mindbody/client_gen.go:351.2,351.17 1 1
github.com/pax-beehive/connector/mindbody/client_gen.go:364.145,365.16 1 1
github.com/pax-beehive/connector/mindbody/client_gen.go:365.16,367.3 1 1
github.com/pax-beehive/connector/mindbody/client_gen.go:368.2,375.16 3 1
github.com/pax-beehive/connector/mindbody/client_gen.go:375.16,377.3 1 0
github.com/pax-beehive/connector/mindbody/client_gen.go:378.2,378.17 1 1
github.com/pax-beehive/connector/mindbody/client_gen.go:397.136,398.16 1 1
github.com/pax-beehive/connector/mindbody/client_gen.go:398.16,400.3 1 1
github.com/pax-beehive/connector/mindbody/client_gen.go:401.2,408.16 3 1
github.com/pax-beehive/connector/mindbody/client_gen.go:408.16,410.3 1 0
github.com/pax-beehive/connector/mindbody/client_gen.go:411.2,411.17 1 1
github.com/pax-beehive/connector/mindbody/client_gen.go:425.127,426.16 1 1
github.com/pax-beehive/connector/mindbody/client_gen.go:426.16,428.3 1 1
github.com/pax-beehive/connector/mindbody/client_gen.go:429.2,436.16 3 1
github.com/pax-beehive/connector/mindbody/client_gen.go:436.16,438.3 1 0
github.com/pax-beehive/connector/mindbody/client_gen.go:439.2,439.17 1 1
github.com/pax-beehive/connector/mindbody/client_gen.go:452.130,453.16 1 1
github.com/pax-beehive/connector/mindbody/client_gen.go:453.16,455.3 1 1
github.com/pax-beehive/connector/mindbody/client_gen.go:456.2,463.16 3 1
github.com/pax-beehive/connector/mindbody/client_gen.go:463.16,465.3 1 0
github.com/pax-beehive/connector/mindbody/client_gen.go:466.2,466.17 1 1
github.com/pax-beehive/connector/mindbody/client_gen.go:478.136,479.16 1 1
github.com/pax-beehive/connector/mindbody/client_gen.go:479.16,481.3 1 1
github.com/pax-beehive/connector/mindbody/client_gen.go:482.2,489.16 3 1
github.com/pax-beehive/connector/mindbody/client_gen.go:489.16,491.3 1 0
github.com/pax-beehive/connector/mindbody/client_gen.go:492.2,492.17 1 1
github.com/pax-beehive/connector/mindbody/client_gen.go:501.121,502.16 1 1
github.com/pax-beehive/connector/mindbody/client_gen.go:502.16,504.3 1 1
github.com/pax-beehive/connector/mindbody/client_gen.go:505.2,512.16 3 1
github.com/pax-beehive/connector/mindbody/client_gen.go:512.16,514.3 1 0
github.com/pax-beehive/connector/mindbody/client_gen.go:515.2,515.17 1 1
github.com/pax-beehive/connector/mindbody/client_gen.go:530.127,531.16 1 1
github.com/pax-beehive/connector/mindbody/client_gen.go:531.16,533.3 1 1
github.com/pax-beehive/connector/mindbody/client_gen.go:534.2,541.16 3 1
github.com/pax-beehive/connector/mindbody/client_gen.go:541.16,543.3 1 0
github.com/pax-beehive/connector/mindbody/client_gen.go:544.2,544.17 1 1
github.com/pax-beehive/connector/mindbody/client_gen.go:553.139,554.16 1 1
github.com/pax-beehive/connector/mindbody/client_gen.go:554.16,556.3 1 1
github.com/pax-beehive/connector/mindbody/client_gen.go:557.2,564.16 3 1
github.com/pax-beehive/connector/mindbody/client_gen.go:564.16,566.3 1 0
github.com/pax-beehive/connector/mindbody/client_gen.go:567.2,567.17 1 1
github.com/pax-beehive/connector/mindbody/client_gen.go:580.121,581.16 1 1
github.com/pax-beehive/connector/mindbody/client_gen.go:581.16,583.3 1 1
github.com/pax-beehive/connector/mindbody/client_gen.go:584.2,591.16 3 1
github.com/pax-beehive/connector/mindbody/client_gen.go:591.16,593.3 1 0
github.com/pax-beehive/connector/mindbody/client_gen.go:594.2,594.17 1 1
github.com/pax-beehive/connector/mindbody/client_gen.go:611.124,612.16 1 1
github.com/pax-beehive/connector/mindbody/client_gen.go:612.16,614.3 1 1
github.com/pax-beehive/connector/mindbody/client_gen.go:615.2,622.16 3 1
github.com/pax-beehive/connector/mindbody/client_gen.go:622.16,624.3 1 0
github.com/pax-beehive/connector/mindbody/client_gen.go:625.2,625.17 1 1
github.com/pax-beehive/connector/mindbody/client_gen.go:653.124,654.16 1 1
github.com/pax-beehive/connector/mindbody/client_gen.go:654.16,656.3 1 1
github.com/pax-beehive/connector/mindbody/client_gen.go:657.2,664.16 3 1
github.com/pax-beehive/connector/mindbody/client_gen.go:664.16,666.3 1 0
github.com/pax-beehive/connector/mindbody/client_gen.go:667.2,667.17 1 1
github.com/pax-beehive/connector/mindbody/client_gen.go:686.118,687.16 1 1
github.com/pax-beehive/connector/mindbody/client_gen.go:687.16,689.3 1 1
github.com/pax-beehive/connector/mindbody/client_gen.go:690.2,697.16 3 1
github.com/pax-beehive/connector/mindbody/client_gen.go:697.16,699.3 1 0
github.com/pax-beehive/connector/mindbody/client_gen.go:700.2,700.17 1 1
github.com/pax-beehive/connector/mindbody/client_gen.go:716.103,717.16 1 1
github.com/pax-beehive/connector/mindbody/client_gen.go:717.16,719.3 1 1
github.com/pax-beehive/connector/mindbody/client_gen.go:720.2,727.16 3 1
github.com/pax-beehive/connector/mindbody/client_gen.go:727.16,729.3 1 0
github.com/pax-beehive/connector/mindbody/client_gen.go:730.2,730.17 1 1
github.com/pax-beehive/connector/mindbody/client_gen.go:741.127,742.16 1 1
github.com/pax-beehive/connector/mindbody/client_gen.go:742.16,744.3 1 1
github.com/pax-beehive/connector/mindbody/client_gen.go:745.2,752.16 3 1
github.com/pax-beehive/connector/mindbody/client_gen.go:752.16,754.3 1 0
github.com/pax-beehive/connector/mindbody/client_gen.go:755.2,755.17 1 1
github.com/pax-beehive/connector/mindbody/client_gen.go:772.115,773.16 1 1
github.com/pax-beehive/connector/mindbody/client_gen.go:773.16,775.3 1 1
github.com/pax-beehive/connector/mindbody/client_gen.go:776.2,783.16 3 1
github.com/pax-beehive/connector/mindbody/client_gen.go:783.16,785.3 1 0
github.com/pax-beehive/connector/mindbody/client_gen.go:786.2,786.17 1 1
github.com/pax-beehive/connector/mindbody/client_gen.go:803.175,804.16 1 1
github.com/pax-beehive/connector/mindbody/client_gen.go:804.16,806.3 1 1
github.com/pax-beehive/connector/mindbody/client_gen.go:807.2,814.16 3 1
github.com/pax-beehive/connector/mindbody/client_gen.go:814.16,816.3 1 0
github.com/pax-beehive/connector/mindbody/client_gen.go:817.2,817.17 1 1
github.com/pax-beehive/connector/mindbody/client_gen.go:827.136,828.16 1 1
github.com/pax-beehive/connector/mindbody/client_gen.go:828.16,830.3 1 1
github.com/pax-beehive/connector/mindbody/client_gen.go:831.2,838.16 3 1
github.com/pax-beehive/connector/mindbody/client_gen.go:838.16,840.3 1 0
github.com/pax-beehive/connector/mindbody/client_gen.go:841.2,841.17 1 1
github.com/pax-beehive/connector/mindbody/client_gen.go:853.127,854.16 1 1
github.com/pax-beehive/connector/mindbody/client_gen.go:854.16,856.3 1 1
github.com/pax-beehive/connector/mindbody/client_gen.go:857.2,864.16 3 1
github.com/pax-beehive/connector/mindbody/client_gen.go:864.16,866.3 1 0
github.com/pax-beehive/connector/mindbody/client_gen.go:867.2,867.17 1 1
github.com/pax-beehive/connector/mindbody/client_gen.go:875.142,876.16 1 1
github.com/pax-beehive/connector/mindbody/client_gen.go:876.16,878.3 1 1
github.com/pax-beehive/connector/mindbody/client_gen.go:879.2,886.16 3 1
github.com/pax-beehive/connector/mindbody/client_gen.go:886.16,888.3 1 0
github.com/pax-beehive/connector/mindbody/client_gen.go:889.2,889.17 1 1
github.com/pax-beehive/connector/mindbody/client_gen.go:902.106,903.16 1 1
github.com/pax-beehive/connector/mindbody/client_gen.go:903.16,905.3 1 1
github.com/pax-beehive/connector/mindbody/client_gen.go:906.2,914.16 3 1
github.com/pax-beehive/connector/mindbody/client_gen.go:914.16,916.3 1 0
github.com/pax-beehive/connector/mindbody/client_gen.go:917.2,917.17 1 1
github.com/pax-beehive/connector/mindbody/client_gen.go:930.112,931.16 1 1
github.com/pax-beehive/connector/mindbody/client_gen.go:931.16,933.3 1 1
github.com/pax-beehive/connector/mindbody/client_gen.go:934.2,942.16 3 1
github.com/pax-beehive/connector/mindbody/client_gen.go:942.16,944.3 1 0
github.com/pax-beehive/connector/mindbody/client_gen.go:945.2,945.17 1 1
github.com/pax-beehive/connector/mindbody/client_gen.go:959.139,960.16 1 1
github.com/pax-beehive/connector/mindbody/client_gen.go:960.16,962.3 1 1
github.com/pax-beehive/connector/mindbody/client_gen.go:963.2,971.16 3 1
github.com/pax-beehive/connector/mindbody/client_gen.go:971.16,973.3 1 0
github.com/pax-beehive/connector/mindbody/client_gen.go:974.2,974.17 1 1
github.com/pax-beehive/connector/mindbody/client_gen.go:991.118,992.16 1 1
github.com/pax-beehive/connector/mindbody/client_gen.go:992.16,994.3 1 1
github.com/pax-beehive/connector/mindbody/client_gen.go:995.2,1003.16 3 1
github.com/pax-beehive/connector/mindbody/client_gen.go:1003.16,1005.3 1 0
github.com/pax-beehive/connector/mindbody/client_gen.go:1006.2,1006.17 1 1
github.com/pax-beehive/connector/mindbody/client_gen.go:1019.124,1020.16 1 1
github.com/pax-beehive/connector/mindbody/client_gen.go:1020.16,1022.3 1 1
github.com/pax-beehive/connector/mindbody/client_gen.go:1023.2,1031.16 3 1
github.com/pax-beehive/connector/mindbody/client_gen.go:1031.16,1033.3 1 0
github.com/pax-beehive/connector/mindbody/client_gen.go:1034.2,1034.17 1 1
github.com/pax-beehive/connector/mindbody/client_gen.go:1047.109,1048.16 1 1
github.com/pax-beehive/connector/mindbody/client_gen.go:1048.16,1050.3 1 1
github.com/pax-beehive/connector/mindbody/client_gen.go:1051.2,1059.16 3 1
github.com/pax-beehive/connector/mindbody/client_gen.go:1059.16,1061.3 1 0
github.com/pax-beehive/connector/mindbody/client_gen.go:1062.2,1062.17 1 1
github.com/pax-beehive/connector/mindbody/client_gen.go:1080.157,1081.16 1 1
github.com/pax-beehive/connector/mindbody/client_gen.go:1081.16,1083.3 1 1
github.com/pax-beehive/connector/mindbody/client_gen.go:1084.2,1092.16 3 1
github.com/pax-beehive/connector/mindbody/client_gen.go:1092.16,1094.3 1 0
github.com/pax-beehive/connector/mindbody/client_gen.go:1095.2,1095.17 1 1
github.com/pax-beehive/connector/mindbody/client_gen.go:1112.130,1113.16 1 1
github.com/pax-beehive/connector/mindbody/client_gen.go:1113.16,1115.3 1 1
github.com/pax-beehive/connector/mindbody/client_gen.go:1116.2,1124.16 3 1
github.com/pax-beehive/connector/mindbody/client_gen.go:1124.16,1126.3 1 0
github.com/pax-beehive/connector/mindbody/client_gen.go:1127.2,1127.17 1 1
github.com/pax-beehive/connector/mindbody/client_gen.go:1140.130,1141.16 1 1
github.com/pax-beehive/connector/mindbody/client_gen.go:1141.16,1143.3 1 1
github.com/pax-beehive/connector/mindbody/client_gen.go:1144.2,1152.16 3 1
github.com/pax-beehive/connector/mindbody/client_gen.go:1152.16,1154.3 1 0
github.com/pax-beehive/connector/mindbody/client_gen.go:1155.2,1155.17 1 1
github.com/pax-beehive/connector/mindbody/client_gen.go:1170.124,1171.16 1 1
github.com/pax-beehive/connector/mindbody/client_gen.go:1171.16,1173.3 1 1
github.com/pax-beehive/connector/mindbody/client_gen.go:1174.2,1182.16 3 1
github.com/pax-beehive/connector/mindbody/client_gen.go:1182.16,1184.3 1 0
github.com/pax-beehive/connector/mindbody/client_gen.go:1185.2,1185.17 1 1
github.com/pax-beehive/connector/mindbody/client_gen.go:1206.121,1207.16 1 1
github.com/pax-beehive/connector/mindbody/client_gen.go:1207.16,1209.3 1 1
github.com/pax-beehive/connector/mindbody/client_gen.go:1210.2,1218.16 3 1
github.com/pax-beehive/connector/mindbody/client_gen.go:1218.16,1220.3 1 0
github.com/pax-beehive/connector/mindbody/client_gen.go:1221.2,1221.17 1 1
github.com/pax-beehive/connector/mindbody/client_gen.go:1231.133,1232.16 1 1
github.com/pax-beehive/connector/mindbody/client_gen.go:1232.16,1234.3 1 1
github.com/pax-beehive/connector/mindbody/client_gen.go:1235.2,1243.16 3 1
github.com/pax-beehive/connector/mindbody/client_gen.go:1243.16,1245.3 1 0
github.com/pax-beehive/connector/mindbody/client_gen.go:1246.2,1246.17 1 1
github.com/pax-beehive/connector/mindbody/client_gen.go:1256.124,1257.16 1 1
github.com/pax-beehive/connector/mindbody/client_gen.go:1257.16,1259.3 1 1
github.com/pax-beehive/connector/mindbody/client_gen.go:1260.2,1268.16 3 1
github.com/pax-beehive/connector/mindbody/client_gen.go:1268.16,1270.3 1 0
github.com/pax-beehive/connector/mindbody/client_gen.go:1271.2,1271.17 1 1
github.com/pax-beehive/connector/mindbody/crosssite_gen.go:21.115,22.16 1 1
github.com/pax-beehive/connector/mindbody/crosssite_gen.go:22.16,24.3 1 1
github.com/pax-beehive/connector/mindbody/crosssite_gen.go:25.2,33.16 3 1
github.com/pax-beehive/connector/mindbody/crosssite_gen.go:33.16,35.3 1 0
github.com/pax-beehive/connector/mindbody/crosssite_gen.go:36.2,36.17 1 1
github.com/pax-beehive/connector/mindbody/enrollment_gen.go:26.136,27.16 1 1
github.com/pax-beehive/connector/mindbody/enrollment_gen.go:27.16,29.3 1 1
github.com/pax-beehive/connector/mindbody/enrollment_gen.go:30.2,38.16 3 1
github.com/pax-beehive/connector/mindbody/enrollment_gen.go:38.16,40.3 1 0
github.com/pax-beehive/connector/mindbody/enrollment_gen.go:41.2,41.17 1 1
github.com/pax-beehive/connector/mindbody/enrollment_gen.go:76.136,77.16 1 1
github.com/pax-beehive/connector/mindbody/enrollment_gen.go:77.16,79.3 1 1
github.com/pax-beehive/connector/mindbody/enrollment_gen.go:80.2,88.16 3 1
github.com/pax-beehive/connector/mindbody/enrollment_gen.go:88.16,90.3 1 0
github.com/pax-beehive/connector/mindbody/enrollment_gen.go:91.2,91.17 1 1
github.com/pax-beehive/connector/mindbody/enrollment_gen.go:108.115,109.16 1 1
github.com/pax-beehive/connector/mindbody/enrollment_gen.go:109.16,111.3 1 1
github.com/pax-beehive/connector/mindbody/enrollment_gen.go:112.2,119.16 3 1
github.com/pax-beehive/connector/mindbody/enrollment_gen.go:119.16,121.3 1 0
github.com/pax-beehive/connector/mindbody/enrollment_gen.go:122.2,122.17 1 1
github.com/pax-beehive/connector/mindbody/enrollment_gen.go:157.145,158.16 1 1
github.com/pax-beehive/connector/mindbody/enrollment_gen.go:158.16,160.3 1 1
github.com/pax-beehive/connector/mindbody/enrollment_gen.go:161.2,169.16 3 1
github.com/pax-beehive/connector/mindbody/enrollment_gen.go:169.16,171.3 1 0
github.com/pax-beehive/connector/mindbody/enrollment_gen.go:172.2,172.17 1 1
github.com/pax-beehive/connector/mindbody/payroll_gen.go:21.115,22.16 1 1
github.com/pax-beehive/connector/mindbody/payroll_gen.go:22.16,24.3 1 1
github.com/pax-beehive/connector/mindbody/payroll_gen.go:25.2,32.16 3 1
github.com/pax-beehive/connector/mindbody/payroll_gen.go:32.16,34.3 1 0
github.com/pax-beehive/connector/mindbody/payroll_gen.go:35.2,35.17 1 1
github.com/pax-beehive/connector/mindbody/payroll_gen.go:51.154,52.16 1 1
github.com/pax-beehive/connector/mindbody/payroll_gen.go:52.16,54.3 1 1
github.com/pax-beehive/connector/mindbody/payroll_gen.go:55.2,62.16 3 1
github.com/pax-beehive/connector/mindbody/payroll_gen.go:62.16,64.3 1 0
github.com/pax-beehive/connector/mindbody/payroll_gen.go:65.2,65.17 1 1
github.com/pax-beehive/connector/mindbody/payroll_gen.go:79.109,80.16 1 1
github.com/pax-beehive/connector/mindbody/payroll_gen.go:80.16,82.3 1 1
github.com/pax-beehive/connector/mindbody/payroll_gen.go:83.2,90.16 3 1
github.com/pax-beehive/connector/mindbody/payroll_gen.go:90.16,92.3 1 0
github.com/pax-beehive/connector/mindbody/payroll_gen.go:93.2,93.17 1 1
github.com/pax-beehive/connector/mindbody/payroll_gen.go:107.94,108.16 1 1
github.com/pax-beehive/connector/mindbody/payroll_gen.go:108.16,110.3 1 1
github.com/pax-beehive/connector/mindbody/payroll_gen.go:111.2,118.16 3 1
github.com/pax-beehive/connector/mindbody/payroll_gen.go:118.16,120.3 1 0
github.com/pax-beehive/connector/mindbody/payroll_gen.go:121.2,121.17 1 1
github.com/pax-beehive/connector/mindbody/pickaspot_gen.go:16.124,17.16 1 1
github.com/pax-beehive/connector/mindbody/pickaspot_gen.go:17.16,19.3 1 1
github.com/pax-beehive/connector/mindbody/pickaspot_gen.go:20.2,27.16 3 1
github.com/pax-beehive/connector/mindbody/pickaspot_gen.go:27.16,29.3 1 0
github.com/pax-beehive/connector/mindbody/pickaspot_gen.go:30.2,30.17 1 1
github.com/pax-beehive/connector/mindbody/pickaspot_gen.go:42.124,43.16 1 1
github.com/pax-beehive/connector/mindbody/pickaspot_gen.go:43.16,45.3 1 1
github.com/pax-beehive/connector/mindbody/pickaspot_gen.go:46.2,53.16 3 1
github.com/pax-beehive/connector/mindbody/pickaspot_gen.go:53.16,55.3 1 0
github.com/pax-beehive/connector/mindbody/pickaspot_gen.go:56.2,56.17 1 1
github.com/pax-beehive/connector/mindbody/pickaspot_gen.go:68.97,69.16 1 1
github.com/pax-beehive/connector/mindbody/pickaspot_gen.go:69.16,71.3 1 1
github.com/pax-beehive/connector/mindbody/pickaspot_gen.go:72.2,79.16 3 1
github.com/pax-beehive/connector/mindbody/pickaspot_gen.go:79.16,81.3 1 0
github.com/pax-beehive/connector/mindbody/pickaspot_gen.go:82.2,82.17 1 1
github.com/pax-beehive/connector/mindbody/pickaspot_gen.go:93.109,94.16 1 1
github.com/pax-beehive/connector/mindbody/pickaspot_gen.go:94.16,96.3 1 1
github.com/pax-beehive/connector/mindbody/pickaspot_gen.go:97.2,104.16 3 1
github.com/pax-beehive/connector/mindbody/pickaspot_gen.go:104.16,106.3 1 0
github.com/pax-beehive/connector/mindbody/pickaspot_gen.go:107.2,107.17 1 1
github.com/pax-beehive/connector/mindbody/pickaspot_gen.go:116.115,117.16 1 1
github.com/pax-beehive/connector/mindbody/pickaspot_gen.go:117.16,119.3 1 1
github.com/pax-beehive/connector/mindbody/pickaspot_gen.go:120.2,127.16 3 1
github.com/pax-beehive/connector/mindbody/pickaspot_gen.go:127.16,129.3 1 0
github.com/pax-beehive/connector/mindbody/pickaspot_gen.go:130.2,130.17 1 1
github.com/pax-beehive/connector/mindbody/pickaspot_gen.go:139.124,140.16 1 1
github.com/pax-beehive/connector/mindbody/pickaspot_gen.go:140.16,142.3 1 1
github.com/pax-beehive/connector/mindbody/pickaspot_gen.go:143.2,150.16 3 1
github.com/pax-beehive/connector/mindbody/pickaspot_gen.go:150.16,152.3 1 0
github.com/pax-beehive/connector/mindbody/pickaspot_gen.go:153.2,153.17 1 1
github.com/pax-beehive/connector/mindbody/pricingoption_gen.go:35.130,36.16 1 1
github.com/pax-beehive/connector/mindbody/pricingoption_gen.go:36.16,38.3 1 1
github.com/pax-beehive/connector/mindbody/pricingoption_gen.go:39.2,47.16 3 1
github.com/pax-beehive/connector/mindbody/pricingoption_gen.go:47.16,49.3 1 0
github.com/pax-beehive/connector/mindbody/pricingoption_gen.go:50.2,50.17 1 1
github.com/pax-beehive/connector/mindbody/sale_gen.go:35.133,36.16 1 1
github.com/pax-beehive/connector/mindbody/sale_gen.go:36.16,38.3 1 1
github.com/pax-beehive/connector/mindbody/sale_gen.go:39.2,47.16 3 1
github.com/pax-beehive/connector/mindbody/sale_gen.go:47.16,49.3 1 0
github.com/pax-beehive/connector/mindbody/sale_gen.go:50.2,50.17 1 1
github.com/pax-beehive/connector/mindbody/sale_gen.go:64.229,65.16 1 1
github.com/pax-beehive/connector/mindbody/sale_gen.go:65.16,67.3 1 1
github.com/pax-beehive/connector/mindbody/sale_gen.go:68.2,76.16 3 1
github.com/pax-beehive/connector/mindbody/sale_gen.go:76.16,78.3 1 0
github.com/pax-beehive/connector/mindbody/sale_gen.go:79.2,79.17 1 1
github.com/pax-beehive/connector/mindbody/sale_gen.go:90.133,91.16 1 1
github.com/pax-beehive/connector/mindbody/sale_gen.go:91.16,93.3 1 1
github.com/pax-beehive/connector/mindbody/sale_gen.go:94.2,101.16 3 1
github.com/pax-beehive/connector/mindbody/sale_gen.go:101.16,103.3 1 0
github.com/pax-beehive/connector/mindbody/sale_gen.go:104.2,104.17 1 1
github.com/pax-beehive/connector/mindbody/sale_gen.go:114.157,115.16 1 1
github.com/pax-beehive/connector/mindbody/sale_gen.go:115.16,117.3 1 1
github.com/pax-beehive/connector/mindbody/sale_gen.go:118.2,125.16 3 1
github.com/pax-beehive/connector/mindbody/sale_gen.go:125.16,127.3 1 0
github.com/pax-beehive/connector/mindbody/sale_gen.go:128.2,128.17 1 1
github.com/pax-beehive/connector/mindbody/sale_gen.go:143.109,144.16 1 1
github.com/pax-beehive/connector/mindbody/sale_gen.go:144.16,146.3 1 1
github.com/pax-beehive/connector/mindbody/sale_gen.go:147.2,154.16 3 1
github.com/pax-beehive/connector/mindbody/sale_gen.go:154.16,156.3 1 0
github.com/pax-beehive/connector/mindbody/sale_gen.go:157.2,157.17 1 1
github.com/pax-beehive/connector/mindbody/sale_gen.go:167.142,168.16 1 1
github.com/pax-beehive/connector/mindbody/sale_gen.go:168.16,170.3 1 1
github.com/pax-beehive/connector/mindbody/sale_gen.go:171.2,178.16 3 1
github.com/pax-beehive/connector/mindbody/sale_gen.go:178.16,180.3 1 0
github.com/pax-beehive/connector/mindbody/sale_gen.go:181.2,181.17 1 1
github.com/pax-beehive/connector/mindbody/sale_gen.go:190.127,191.16 1 1
github.com/pax-beehive/connector/mindbody/sale_gen.go:191.16,193.3 1 1
github.com/pax-beehive/connector/mindbody/sale_gen.go:194.2,201.16 3 1
github.com/pax-beehive/connector/mindbody/sale_gen.go:201.16,203.3 1 0
github.com/pax-beehive/connector/mindbody/sale_gen.go:204.2,204.17 1 1
github.com/pax-beehive/connector/mindbody/sale_gen.go:221.109,222.16 1 1
github.com/pax-beehive/connector/mindbody/sale_gen.go:222.16,224.3 1 1
github.com/pax-beehive/connector/mindbody/sale_gen.go:225.2,232.16 3 1
github.com/pax-beehive/connector/mindbody/sale_gen.go:232.16,234.3 1 0
github.com/pax-beehive/connector/mindbody/sale_gen.go:235.2,235.17 1 1
github.com/pax-beehive/connector/mindbody/sale_gen.go:248.106,249.16 1 1
github.com/pax-beehive/connector/mindbody/sale_gen.go:249.16,251.3 1 1
github.com/pax-beehive/connector/mindbody/sale_gen.go:252.2,259.16 3 1
github.com/pax-beehive/connector/mindbody/sale_gen.go:259.16,261.3 1 0
github.com/pax-beehive/connector/mindbody/sale_gen.go:262.2,262.17 1 1
github.com/pax-beehive/connector/mindbody/sale_gen.go:279.106,280.16 1 1
github.com/pax-beehive/connector/mindbody/sale_gen.go:280.16,282.3 1 1
github.com/pax-beehive/connector/mindbody/sale_gen.go:283.2,290.16 3 1
github.com/pax-beehive/connector/mindbody/sale_gen.go:290.16,292.3 1 0
github.com/pax-beehive/connector/mindbody/sale_gen.go:293.2,293.17 1 1
github.com/pax-beehive/connector/mindbody/sale_gen.go:306.133,307.16 1 1
github.com/pax-beehive/connector/mindbody/sale_gen.go:307.16,309.3 1 1
github.com/pax-beehive/connector/mindbody/sale_gen.go:310.2,317.16 3 1
github.com/pax-beehive/connector/mindbody/sale_gen.go:317.16,319.3 1 0
github.com/pax-beehive/connector/mindbody/sale_gen.go:320.2,320.17 1 1
github.com/pax-beehive/connector/mindbody/sale_gen.go:332.148,333.16 1 1
github.com/pax-beehive/connector/mindbody/sale_gen.go:333.16,335.3 1 1
github.com/pax-beehive/connector/mindbody/sale_gen.go:336.2,343.16 3 1
github.com/pax-beehive/connector/mindbody/sale_gen.go:343.16,345.3 1 0
github.com/pax-beehive/connector/mindbody/sale_gen.go:346.2,346.17 1 1
github.com/pax-beehive/connector/mindbody/sale_gen.go:360.97,361.16 1 1
github.com/pax-beehive/connector/mindbody/sale_gen.go:361.16,363.3 1 1
github.com/pax-beehive/connector/mindbody/sale_gen.go:364.2,371.16 3 1
github.com/pax-beehive/connector/mindbody/sale_gen.go:371.16,373.3 1 0
github.com/pax-beehive/connector/mindbody/sale_gen.go:374.2,374.17 1 1
github.com/pax-beehive/connector/mindbody/sale_gen.go:395.106,396.16 1 1
github.com/pax-beehive/connector/mindbody/sale_gen.go:396.16,398.3 1 1
github.com/pax-beehive/connector/mindbody/sale_gen.go:399.2,406.16 3 1
github.com/pax-beehive/connector/mindbody/sale_gen.go:406.16,408.3 1 0
github.com/pax-beehive/connector/mindbody/sale_gen.go:409.2,409.17 1 1
github.com/pax-beehive/connector/mindbody/sale_gen.go:426.118,427.16 1 1
github.com/pax-beehive/connector/mindbody/sale_gen.go:427.16,429.3 1 1
github.com/pax-beehive/connector/mindbody/sale_gen.go:430.2,437.16 3 1
github.com/pax-beehive/connector/mindbody/sale_gen.go:437.16,439.3 1 0
github.com/pax-beehive/connector/mindbody/sale_gen.go:440.2,440.17 1 1
github.com/pax-beehive/connector/mindbody/sale_gen.go:466.229,467.16 1 1
github.com/pax-beehive/connector/mindbody/sale_gen.go:467.16,469.3 1 1
github.com/pax-beehive/connector/mindbody/sale_gen.go:470.2,478.16 3 1
github.com/pax-beehive/connector/mindbody/sale_gen.go:478.16,480.3 1 0
github.com/pax-beehive/connector/mindbody/sale_gen.go:481.2,481.17 1 1
github.com/pax-beehive/connector/mindbody/sale_gen.go:502.217,503.16 1 1
github.com/pax-beehive/connector/mindbody/sale_gen.go:503.16,505.3 1 1
github.com/pax-beehive/connector/mindbody/sale_gen.go:506.2,514.16 3 1
github.com/pax-beehive/connector/mindbody/sale_gen.go:514.16,516.3 1 0
github.com/pax-beehive/connector/mindbody/sale_gen.go:517.2,517.17 1 1
github.com/pax-beehive/connector/mindbody/sale_gen.go:533.136,534.16 1 1
github.com/pax-beehive/connector/mindbody/sale_gen.go:534.16,536.3 1 1
github.com/pax-beehive/connector/mindbody/sale_gen.go:537.2,545.16 3 1
github.com/pax-beehive/connector/mindbody/sale_gen.go:545.16,547.3 1 0
github.com/pax-beehive/connector/mindbody/sale_gen.go:548.2,548.17 1 1
github.com/pax-beehive/connector/mindbody/sale_gen.go:575.121,576.16 1 1
github.com/pax-beehive/connector/mindbody/sale_gen.go:576.16,578.3 1 1
github.com/pax-beehive/connector/mindbody/sale_gen.go:579.2,587.16 3 1
github.com/pax-beehive/connector/mindbody/sale_gen.go:587.16,589.3 1 0
github.com/pax-beehive/connector/mindbody/sale_gen.go:590.2,590.17 1 1
github.com/pax-beehive/connector/mindbody/sale_gen.go:615.121,616.16 1 1
github.com/pax-beehive/connector/mindbody/sale_gen.go:616.16,618.3 1 1
github.com/pax-beehive/connector/mindbody/sale_gen.go:619.2,627.16 3 1
github.com/pax-beehive/connector/mindbody/sale_gen.go:627.16,629.3 1 0
github.com/pax-beehive/connector/mindbody/sale_gen.go:630.2,630.17 1 1
github.com/pax-beehive/connector/mindbody/sale_gen.go:640.103,641.16 1 1
github.com/pax-beehive/connector/mindbody/sale_gen.go:641.16,643.3 1 1
github.com/pax-beehive/connector/mindbody/sale_gen.go:644.2,652.16 3 1
github.com/pax-beehive/connector/mindbody/sale_gen.go:652.16,654.3 1 0
github.com/pax-beehive/connector/mindbody/sale_gen.go:655.2,655.17 1 1
github.com/pax-beehive/connector/mindbody/sale_gen.go:666.127,667.16 1 1
github.com/pax-beehive/connector/mindbody/sale_gen.go:667.16,669.3 1 1
github.com/pax-beehive/connector/mindbody/sale_gen.go:670.2,678.16 3 1
github.com/pax-beehive/connector/mindbody/sale_gen.go:678.16,680.3 1 0
github.com/pax-beehive/connector/mindbody/sale_gen.go:681.2,681.17 1 1
github.com/pax-beehive/connector/mindbody/sale_gen.go:693.115,694.16 1 1
github.com/pax-beehive/connector/mindbody/sale_gen.go:694.16,696.3 1 1
github.com/pax-beehive/connector/mindbody/sale_gen.go:697.2,705.16 3 1
github.com/pax-beehive/connector/mindbody/sale_gen.go:705.16,707.3 1 0
github.com/pax-beehive/connector/mindbody/sale_gen.go:708.2,708.17 1 1
github.com/pax-beehive/connector/mindbody/sale_gen.go:718.115,719.16 1 1
github.com/pax-beehive/connector/mindbody/sale_gen.go:719.16,721.3 1 1
github.com/pax-beehive/connector/mindbody/sale_gen.go:722.2,730.16 3 1
github.com/pax-beehive/connector/mindbody/sale_gen.go:730.16,732.3 1 0
github.com/pax-beehive/connector/mindbody/sale_gen.go:733.2,733.17 1 1
github.com/pax-beehive/connector/mindbody/sale_gen.go:745.115,746.16 1 1
github.com/pax-beehive/connector/mindbody/sale_gen.go:746.16,748.3 1 1
github.com/pax-beehive/connector/mindbody/sale_gen.go:749.2,757.16 3 1
github.com/pax-beehive/connector/mindbody/sale_gen.go:757.16,759.3 1 0
github.com/pax-beehive/connector/mindbody/sale_gen.go:760.2,760.17 1 1
github.com/pax-beehive/connector/mindbody/site_gen.go:27.115,28.16 1 1
github.com/pax-beehive/connector/mindbody/site_gen.go:28.16,30.3 1 1
github.com/pax-beehive/connector/mindbody/site_gen.go:31.2,39.16 3 1
github.com/pax-beehive/connector/mindbody/site_gen.go:39.16,41.3 1 0
github.com/pax-beehive/connector/mindbody/site_gen.go:42.2,42.17 1 1
github.com/pax-beehive/connector/mindbody/site_gen.go:61.109,62.16 1 1
github.com/pax-beehive/connector/mindbody/site_gen.go:62.16,64.3 1 1
github.com/pax-beehive/connector/mindbody/site_gen.go:65.2,73.16 3 1
github.com/pax-beehive/connector/mindbody/site_gen.go:73.16,75.3 1 0
github.com/pax-beehive/connector/mindbody/site_gen.go:76.2,76.17 1 1
github.com/pax-beehive/connector/mindbody/site_gen.go:88.130,89.16 1 1
github.com/pax-beehive/connector/mindbody/site_gen.go:89.16,91.3 1 1
github.com/pax-beehive/connector/mindbody/site_gen.go:92.2,100.16 3 1
github.com/pax-beehive/connector/mindbody/site_gen.go:100.16,102.3 1 0
github.com/pax-beehive/connector/mindbody/site_gen.go:103.2,103.17 1 1
github.com/pax-beehive/connector/mindbody/site_gen.go:111.124,112.16 1 1
github.com/pax-beehive/connector/mindbody/site_gen.go:112.16,114.3 1 1
github.com/pax-beehive/connector/mindbody/site_gen.go:115.2,122.16 3 1
github.com/pax-beehive/connector/mindbody/site_gen.go:122.16,124.3 1 0
github.com/pax-beehive/connector/mindbody/site_gen.go:125.2,125.17 1 1
github.com/pax-beehive/connector/mindbody/site_gen.go:139.112,140.16 1 1
github.com/pax-beehive/connector/mindbody/site_gen.go:140.16,142.3 1 1
github.com/pax-beehive/connector/mindbody/site_gen.go:143.2,150.16 3 1
github.com/pax-beehive/connector/mindbody/site_gen.go:150.16,152.3 1 0
github.com/pax-beehive/connector/mindbody/site_gen.go:153.2,153.17 1 1
github.com/pax-beehive/connector/mindbody/site_gen.go:161.103,162.16 1 1
github.com/pax-beehive/connector/mindbody/site_gen.go:162.16,164.3 1 1
github.com/pax-beehive/connector/mindbody/site_gen.go:165.2,172.16 3 1
github.com/pax-beehive/connector/mindbody/site_gen.go:172.16,174.3 1 0
github.com/pax-beehive/connector/mindbody/site_gen.go:175.2,175.17 1 1
github.com/pax-beehive/connector/mindbody/site_gen.go:183.127,184.16 1 1
github.com/pax-beehive/connector/mindbody/site_gen.go:184.16,186.3 1 1
github.com/pax-beehive/connector/mindbody/site_gen.go:187.2,194.16 3 1
github.com/pax-beehive/connector/mindbody/site_gen.go:194.16,196.3 1 0
github.com/pax-beehive/connector/mindbody/site_gen.go:197.2,197.17 1 1
github.com/pax-beehive/connector/mindbody/site_gen.go:207.109,208.16 1 1
github.com/pax-beehive/connector/mindbody/site_gen.go:208.16,210.3 1 1
github.com/pax-beehive/connector/mindbody/site_gen.go:211.2,218.16 3 1
github.com/pax-beehive/connector/mindbody/site_gen.go:218.16,220.3 1 0
github.com/pax-beehive/connector/mindbody/site_gen.go:221.2,221.17 1 1
github.com/pax-beehive/connector/mindbody/site_gen.go:230.115,231.16 1 1
github.com/pax-beehive/connector/mindbody/site_gen.go:231.16,233.3 1 1
github.com/pax-beehive/connector/mindbody/site_gen.go:234.2,241.16 3 1
github.com/pax-beehive/connector/mindbody/site_gen.go:241.16,243.3 1 0
github.com/pax-beehive/connector/mindbody/site_gen.go:244.2,244.17 1 1
github.com/pax-beehive/connector/mindbody/site_gen.go:253.127,254.16 1 1
github.com/pax-beehive/connector/mindbody/site_gen.go:254.16,256.3 1 1
github.com/pax-beehive/connector/mindbody/site_gen.go:257.2,264.16 3 1
github.com/pax-beehive/connector/mindbody/site_gen.go:264.16,266.3 1 0
github.com/pax-beehive/connector/mindbody/site_gen.go:267.2,267.17 1 1
github.com/pax-beehive/connector/mindbody/site_gen.go:276.118,277.16 1 1
github.com/pax-beehive/connector/mindbody/site_gen.go:277.16,279.3 1 1
github.com/pax-beehive/connector/mindbody/site_gen.go:280.2,287.16 3 1
github.com/pax-beehive/connector/mindbody/site_gen.go:287.16,289.3 1 0
github.com/pax-beehive/connector/mindbody/site_gen.go:290.2,290.17 1 1
github.com/pax-beehive/connector/mindbody/site_gen.go:303.106,304.16 1 1
github.com/pax-beehive/connector/mindbody/site_gen.go:304.16,306.3 1 1
github.com/pax-beehive/connector/mindbody/site_gen.go:307.2,314.16 3 1
github.com/pax-beehive/connector/mindbody/site_gen.go:314.16,316.3 1 0
github.com/pax-beehive/connector/mindbody/site_gen.go:317.2,317.17 1 1
github.com/pax-beehive/connector/mindbody/site_gen.go:332.112,333.16 1 1
github.com/pax-beehive/connector/mindbody/site_gen.go:333.16,335.3 1 1
github.com/pax-beehive/connector/mindbody/site_gen.go:336.2,343.16 3 1
github.com/pax-beehive/connector/mindbody/site_gen.go:343.16,345.3 1 0
github.com/pax-beehive/connector/mindbody/site_gen.go:346.2,346.17 1 1
github.com/pax-beehive/connector/mindbody/site_gen.go:355.124,356.16 1 1
github.com/pax-beehive/connector/mindbody/site_gen.go:356.16,358.3 1 1
github.com/pax-beehive/connector/mindbody/site_gen.go:359.2,366.16 3 1
github.com/pax-beehive/connector/mindbody/site_gen.go:366.16,368.3 1 0
github.com/pax-beehive/connector/mindbody/site_gen.go:369.2,369.17 1 1
github.com/pax-beehive/connector/mindbody/site_gen.go:380.121,381.16 1 1
github.com/pax-beehive/connector/mindbody/site_gen.go:381.16,383.3 1 1
github.com/pax-beehive/connector/mindbody/site_gen.go:384.2,391.16 3 1
github.com/pax-beehive/connector/mindbody/site_gen.go:391.16,393.3 1 0
github.com/pax-beehive/connector/mindbody/site_gen.go:394.2,394.17 1 1
github.com/pax-beehive/connector/mindbody/site_gen.go:410.148,411.16 1 1
github.com/pax-beehive/connector/mindbody/site_gen.go:411.16,413.3 1 1
github.com/pax-beehive/connector/mindbody/site_gen.go:414.2,421.16 3 1
github.com/pax-beehive/connector/mindbody/site_gen.go:421.16,423.3 1 0
github.com/pax-beehive/connector/mindbody/site_gen.go:424.2,424.17 1 1
github.com/pax-beehive/connector/mindbody/site_gen.go:442.109,443.16 1 1
github.com/pax-beehive/connector/mindbody/site_gen.go:443.16,445.3 1 1
github.com/pax-beehive/connector/mindbody/site_gen.go:446.2,453.16 3 1
github.com/pax-beehive/connector/mindbody/site_gen.go:453.16,455.3 1 0
github.com/pax-beehive/connector/mindbody/site_gen.go:456.2,456.17 1 1
github.com/pax-beehive/connector/mindbody/site_gen.go:468.118,469.16 1 1
github.com/pax-beehive/connector/mindbody/site_gen.go:469.16,471.3 1 1
github.com/pax-beehive/connector/mindbody/site_gen.go:472.2,479.16 3 1
github.com/pax-beehive/connector/mindbody/site_gen.go:479.16,481.3 1 0
github.com/pax-beehive/connector/mindbody/site_gen.go:482.2,482.17 1 1
github.com/pax-beehive/connector/mindbody/site_gen.go:495.97,496.16 1 1
github.com/pax-beehive/connector/mindbody/site_gen.go:496.16,498.3 1 1
github.com/pax-beehive/connector/mindbody/site_gen.go:499.2,506.16 3 1
github.com/pax-beehive/connector/mindbody/site_gen.go:506.16,508.3 1 0
github.com/pax-beehive/connector/mindbody/site_gen.go:509.2,509.17 1 1
github.com/pax-beehive/connector/mindbody/site_gen.go:530.124,531.16 1 1
github.com/pax-beehive/connector/mindbody/site_gen.go:531.16,533.3 1 1
github.com/pax-beehive/connector/mindbody/site_gen.go:534.2,542.16 3 1
github.com/pax-beehive/connector/mindbody/site_gen.go:542.16,544.3 1 0
github.com/pax-beehive/connector/mindbody/site_gen.go:545.2,545.17 1 1
github.com/pax-beehive/connector/mindbody/staff_gen.go:42.97,43.16 1 1
github.com/pax-beehive/connector/mindbody/staff_gen.go:43.16,45.3 1 1
github.com/pax-beehive/connector/mindbody/staff_gen.go:46.2,54.16 3 1
github.com/pax-beehive/connector/mindbody/staff_gen.go:54.16,56.3 1 0
github.com/pax-beehive/connector/mindbody/staff_gen.go:57.2,57.17 1 1
github.com/pax-beehive/connector/mindbody/staff_gen.go:79.133,80.16 1 1
github.com/pax-beehive/connector/mindbody/staff_gen.go:80.16,82.3 1 1
github.com/pax-beehive/connector/mindbody/staff_gen.go:83.2,90.16 3 1
github.com/pax-beehive/connector/mindbody/staff_gen.go:90.16,92.3 1 0
github.com/pax-beehive/connector/mindbody/staff_gen.go:93.2,93.17 1 1
github.com/pax-beehive/connector/mindbody/staff_gen.go:109.139,110.16 1 1
github.com/pax-beehive/connector/mindbody/staff_gen.go:110.16,112.3 1 1
github.com/pax-beehive/connector/mindbody/staff_gen.go:113.2,121.16 3 1
github.com/pax-beehive/connector/mindbody/staff_gen.go:121.16,123.3 1 0
github.com/pax-beehive/connector/mindbody/staff_gen.go:124.2,124.17 1 1
github.com/pax-beehive/connector/mindbody/staff_gen.go:136.109,137.16 1 1
github.com/pax-beehive/connector/mindbody/staff_gen.go:137.16,139.3 1 1
github.com/pax-beehive/connector/mindbody/staff_gen.go:140.2,147.16 3 1
github.com/pax-beehive/connector/mindbody/staff_gen.go:147.16,149.3 1 0
github.com/pax-beehive/connector/mindbody/staff_gen.go:150.2,150.17 1 1
github.com/pax-beehive/connector/mindbody/staff_gen.go:166.97,167.16 1 1
github.com/pax-beehive/connector/mindbody/staff_gen.go:167.16,169.3 1 1
github.com/pax-beehive/connector/mindbody/staff_gen.go:170.2,177.16 3 1
github.com/pax-beehive/connector/mindbody/staff_gen.go:177.16,179.3 1 0
github.com/pax-beehive/connector/mindbody/staff_gen.go:180.2,180.17 1 1
github.com/pax-beehive/connector/mindbody/staff_gen.go:189.121,190.16 1 1
github.com/pax-beehive/connector/mindbody/staff_gen.go:190.16,192.3 1 1
github.com/pax-beehive/connector/mindbody/staff_gen.go:193.2,200.16 3 1
github.com/pax-beehive/connector/mindbody/staff_gen.go:200.16,202.3 1 0
github.com/pax-beehive/connector/mindbody/staff_gen.go:203.2,203.17 1 1
github.com/pax-beehive/connector/mindbody/staff_gen.go:212.130,213.16 1 1
github.com/pax-beehive/connector/mindbody/staff_gen.go:213.16,215.3 1 1
github.com/pax-beehive/connector/mindbody/staff_gen.go:216.2,223.16 3 1
github.com/pax-beehive/connector/mindbody/staff_gen.go:223.16,225.3 1 0
github.com/pax-beehive/connector/mindbody/staff_gen.go:226.2,226.17 1 1
github.com/pax-beehive/connector/mindbody/staff_gen.go:239.133,240.16 1 1
github.com/pax-beehive/connector/mindbody/staff_gen.go:240.16,242.3 1 1
github.com/pax-beehive/connector/mindbody/staff_gen.go:243.2,250.16 3 1
github.com/pax-beehive/connector/mindbody/staff_gen.go:250.16,252.3 1 0
github.com/pax-beehive/connector/mindbody/staff_gen.go:253.2,253.17 1 1
github.com/pax-beehive/connector/mindbody/staff_gen.go:290.106,291.16 1 1
github.com/pax-beehive/connector/mindbody/staff_gen.go:291.16,293.3 1 1
github.com/pax-beehive/connector/mindbody/staff_gen.go:294.2,302.16 3 1
github.com/pax-beehive/connector/mindbody/staff_gen.go:302.16,304.3 1 0
github.com/pax-beehive/connector/mindbody/staff_gen.go:305.2,305.17 1 1
github.com/pax-beehive/connector/mindbody/staff_gen.go:315.139,316.16 1 1
github.com/pax-beehive/connector/mindbody/staff_gen.go:316.16,318.3 1 1
github.com/pax-beehive/connector/mindbody/staff_gen.go:319.2,327.16 3 1
github.com/pax-beehive/connector/mindbody/staff_gen.go:327.16,329.3 1 0
github.com/pax-beehive/connector/mindbody/staff_gen.go:330.2,330.17 1 1
github.com/pax-beehive/connector/mindbody/usertoken_gen.go:20.103,21.16 1 1
github.com/pax-beehive/connector/mindbody/usertoken_gen.go:21.16,23.3 1 1
github.com/pax-beehive/connector/mindbody/usertoken_gen.go:24.2,32.16 3 1
github.com/pax-beehive/connector/mindbody/usertoken_gen.go:32.16,34.3 1 0
github.com/pax-beehive/connector/mindbody/usertoken_gen.go:35.2,35.17 1 1
github.com/pax-beehive/connector/mindbody/usertoken_gen.go:46.103,47.16 1 1
github.com/pax-beehive/connector/mindbody/usertoken_gen.go:47.16,49.3 1 1
github.com/pax-beehive/connector/mindbody/usertoken_gen.go:50.2,57.16 3 1
github.com/pax-beehive/connector/mindbody/usertoken_gen.go:57.16,59.3 1 0
github.com/pax-beehive/connector/mindbody/usertoken_gen.go:60.2,60.17 1 1
github.com/pax-beehive/connector/mindbody/usertoken_gen.go:71.106,72.16 1 1
github.com/pax-beehive/connector/mindbody/usertoken_gen.go:72.16,74.3 1 1
github.com/pax-beehive/connector/mindbody/usertoken_gen.go:75.2,82.16 3 1
github.com/pax-beehive/connector/mindbody/usertoken_gen.go:82.16,84.3 1 0
github.com/pax-beehive/connector/mindbody/usertoken_gen.go:85.2,85.17 1 1
